Archive member included to satisfy reference by file (symbol)

C:\Users\Suraj\AppData\Local\Temp\arduino\sketches\FDC9FEE58E9B3DD09A6C1DB9684E992E/..\..\cores\arduino_samd_arduino_zero_edbg_26de0d3990a796a533e3a60fba950730\core.a(SERCOM.cpp.o)
                              C:\Users\Suraj\AppData\Local\Temp\arduino\sketches\FDC9FEE58E9B3DD09A6C1DB9684E992E\core\variant.cpp.o (SERCOM::SERCOM(Sercom*))
C:\Users\Suraj\AppData\Local\Temp\arduino\sketches\FDC9FEE58E9B3DD09A6C1DB9684E992E/..\..\cores\arduino_samd_arduino_zero_edbg_26de0d3990a796a533e3a60fba950730\core.a(Uart.cpp.o)
                              C:\Users\Suraj\AppData\Local\Temp\arduino\sketches\FDC9FEE58E9B3DD09A6C1DB9684E992E\sketch\MAZESOLVER_RDPLITE.ino.cpp.o (Uart::begin(unsigned long))
C:\Users\Suraj\AppData\Local\Temp\arduino\sketches\FDC9FEE58E9B3DD09A6C1DB9684E992E/..\..\cores\arduino_samd_arduino_zero_edbg_26de0d3990a796a533e3a60fba950730\core.a(WInterrupts.c.o)
                              C:\Users\Suraj\AppData\Local\Temp\arduino\sketches\FDC9FEE58E9B3DD09A6C1DB9684E992E\sketch\MAZESOLVER_RDPLITE.ino.cpp.o (attachInterrupt)
C:\Users\Suraj\AppData\Local\Temp\arduino\sketches\FDC9FEE58E9B3DD09A6C1DB9684E992E/..\..\cores\arduino_samd_arduino_zero_edbg_26de0d3990a796a533e3a60fba950730\core.a(Print.cpp.o)
                              C:\Users\Suraj\AppData\Local\Temp\arduino\sketches\FDC9FEE58E9B3DD09A6C1DB9684E992E/..\..\cores\arduino_samd_arduino_zero_edbg_26de0d3990a796a533e3a60fba950730\core.a(Uart.cpp.o) (arduino::Print::write(unsigned char const*, unsigned int))
C:\Users\Suraj\AppData\Local\Temp\arduino\sketches\FDC9FEE58E9B3DD09A6C1DB9684E992E/..\..\cores\arduino_samd_arduino_zero_edbg_26de0d3990a796a533e3a60fba950730\core.a(String.cpp.o)
                              C:\Users\Suraj\AppData\Local\Temp\arduino\sketches\FDC9FEE58E9B3DD09A6C1DB9684E992E\sketch\MAZESOLVER_RDPLITE.ino.cpp.o (arduino::String::~String())
C:\Users\Suraj\AppData\Local\Temp\arduino\sketches\FDC9FEE58E9B3DD09A6C1DB9684E992E/..\..\cores\arduino_samd_arduino_zero_edbg_26de0d3990a796a533e3a60fba950730\core.a(dtostrf.c.o)
                              C:\Users\Suraj\AppData\Local\Temp\arduino\sketches\FDC9FEE58E9B3DD09A6C1DB9684E992E/..\..\cores\arduino_samd_arduino_zero_edbg_26de0d3990a796a533e3a60fba950730\core.a(String.cpp.o) (dtostrf)
C:\Users\Suraj\AppData\Local\Temp\arduino\sketches\FDC9FEE58E9B3DD09A6C1DB9684E992E/..\..\cores\arduino_samd_arduino_zero_edbg_26de0d3990a796a533e3a60fba950730\core.a(cortex_handlers.c.o)
                              (Reset_Handler)
C:\Users\Suraj\AppData\Local\Temp\arduino\sketches\FDC9FEE58E9B3DD09A6C1DB9684E992E/..\..\cores\arduino_samd_arduino_zero_edbg_26de0d3990a796a533e3a60fba950730\core.a(delay.c.o)
                              C:\Users\Suraj\AppData\Local\Temp\arduino\sketches\FDC9FEE58E9B3DD09A6C1DB9684E992E\sketch\MAZESOLVER_RDPLITE.ino.cpp.o (millis)
C:\Users\Suraj\AppData\Local\Temp\arduino\sketches\FDC9FEE58E9B3DD09A6C1DB9684E992E/..\..\cores\arduino_samd_arduino_zero_edbg_26de0d3990a796a533e3a60fba950730\core.a(hooks.c.o)
                              C:\Users\Suraj\AppData\Local\Temp\arduino\sketches\FDC9FEE58E9B3DD09A6C1DB9684E992E/..\..\cores\arduino_samd_arduino_zero_edbg_26de0d3990a796a533e3a60fba950730\core.a(delay.c.o) (yield)
C:\Users\Suraj\AppData\Local\Temp\arduino\sketches\FDC9FEE58E9B3DD09A6C1DB9684E992E/..\..\cores\arduino_samd_arduino_zero_edbg_26de0d3990a796a533e3a60fba950730\core.a(itoa.c.o)
                              C:\Users\Suraj\AppData\Local\Temp\arduino\sketches\FDC9FEE58E9B3DD09A6C1DB9684E992E/..\..\cores\arduino_samd_arduino_zero_edbg_26de0d3990a796a533e3a60fba950730\core.a(String.cpp.o) (ltoa)
C:\Users\Suraj\AppData\Local\Temp\arduino\sketches\FDC9FEE58E9B3DD09A6C1DB9684E992E/..\..\cores\arduino_samd_arduino_zero_edbg_26de0d3990a796a533e3a60fba950730\core.a(main.cpp.o)
                              c:/users/suraj/appdata/local/arduino15/internal/arduino_arm-none-eabi-gcc_7-2017q4_7b7be9f526b2cb64/bin/../lib/gcc/arm-none-eabi/7.2.1/../../../../arm-none-eabi/lib/thumb/v6-m/crt0.o (main)
C:\Users\Suraj\AppData\Local\Temp\arduino\sketches\FDC9FEE58E9B3DD09A6C1DB9684E992E/..\..\cores\arduino_samd_arduino_zero_edbg_26de0d3990a796a533e3a60fba950730\core.a(startup.c.o)
                              C:\Users\Suraj\AppData\Local\Temp\arduino\sketches\FDC9FEE58E9B3DD09A6C1DB9684E992E/..\..\cores\arduino_samd_arduino_zero_edbg_26de0d3990a796a533e3a60fba950730\core.a(cortex_handlers.c.o) (SystemInit)
C:\Users\Suraj\AppData\Local\Temp\arduino\sketches\FDC9FEE58E9B3DD09A6C1DB9684E992E/..\..\cores\arduino_samd_arduino_zero_edbg_26de0d3990a796a533e3a60fba950730\core.a(wiring.c.o)
                              C:\Users\Suraj\AppData\Local\Temp\arduino\sketches\FDC9FEE58E9B3DD09A6C1DB9684E992E/..\..\cores\arduino_samd_arduino_zero_edbg_26de0d3990a796a533e3a60fba950730\core.a(main.cpp.o) (init)
[...]
Memory Configuration

Name             Origin             Length             Attributes
FLASH            0x00002000         0x0003e000         xr
RAM              0x20000000         0x00008000         xrw
*default*        0x00000000         0xffffffff

Linker script and memory map

LOAD c:/users/suraj/appdata/local/arduino15/internal/arduino_arm-none-eabi-gcc_7-2017q4_7b7be9f526b2cb64/bin/../lib/gcc/arm-none-eabi/7.2.1/thumb/v6-m/crti.o
LOAD c:/users/suraj/appdata/local/arduino15/internal/arduino_arm-none-eabi-gcc_7-2017q4_7b7be9f526b2cb64/bin/../lib/gcc/arm-none-eabi/7.2.1/thumb/v6-m/crtbegin.o
LOAD c:/users/suraj/appdata/local/arduino15/internal/arduino_arm-none-eabi-gcc_7-2017q4_7b7be9f526b2cb64/bin/../lib/gcc/arm-none-eabi/7.2.1/../../../../arm-none-eabi/lib/thumb/v6-m/crt0.o
LOAD C:\Users\Suraj\AppData\Local\Temp\arduino\sketches\FDC9FEE58E9B3DD09A6C1DB9684E992E\sketch\MAZESOLVER_RDPLITE.ino.cpp.o
LOAD C:\Users\Suraj\AppData\Local\Temp\arduino\sketches\FDC9FEE58E9B3DD09A6C1DB9684E992E\libraries\Wire\Wire.cpp.o
LOAD C:\Users\Suraj\AppData\Local\Temp\arduino\sketches\FDC9FEE58E9B3DD09A6C1DB9684E992E\libraries\MPU6050_light\MPU6050_light.cpp.o
LOAD C:\Users\Suraj\AppData\Local\Temp\arduino\sketches\FDC9FEE58E9B3DD09A6C1DB9684E992E\core\variant.cpp.o
START GROUP
LOAD C:\Users\Suraj\AppData\Local\Arduino15\internal\arduino_CMSIS_4.5.0_76692c4a49c5daba/CMSIS/Lib/GCC/\libarm_cortexM0l_math.a
LOAD C:\Users\Suraj\AppData\Local\Temp\arduino\sketches\FDC9FEE58E9B3DD09A6C1DB9684E992E/..\..\cores\arduino_samd_arduino_zero_edbg_26de0d3990a796a533e3a60fba950730\core.a
END GROUP
LOAD c:/users/suraj/appdata/local/arduino15/internal/arduino_arm-none-eabi-gcc_7-2017q4_7b7be9f526b2cb64/bin/../lib/gcc/arm-none-eabi/7.2.1/../../../../arm-none-eabi/lib/thumb/v6-m\libstdc++_nano.a
LOAD c:/users/suraj/appdata/local/arduino15/internal/arduino_arm-none-eabi-gcc_7-2017q4_7b7be9f526b2cb64/bin/../lib/gcc/arm-none-eabi/7.2.1/../../../../arm-none-eabi/lib/thumb/v6-m\libm.a
START GROUP
LOAD c:/users/suraj/appdata/local/arduino15/internal/arduino_arm-none-eabi-gcc_7-2017q4_7b7be9f526b2cb64/bin/../lib/gcc/arm-none-eabi/7.2.1/thumb/v6-m\libgcc.a
LOAD c:/users/suraj/appdata/local/arduino15/internal/arduino_arm-none-eabi-gcc_7-2017q4_7b7be9f526b2cb64/bin/../lib/gcc/arm-none-eabi/7.2.1/../../../../arm-none-eabi/lib/thumb/v6-m\libc_nano.a
END GROUP
START GROUP
LOAD c:/users/suraj/appdata/local/arduino15/internal/arduino_arm-none-eabi-gcc_7-2017q4_7b7be9f526b2cb64/bin/../lib/gcc/arm-none-eabi/7.2.1/thumb/v6-m\libgcc.a
LOAD c:/users/suraj/appdata/local/arduino15/internal/arduino_arm-none-eabi-gcc_7-2017q4_7b7be9f526b2cb64/bin/../lib/gcc/arm-none-eabi/7.2.1/../../../../arm-none-eabi/lib/thumb/v6-m\libc_nano.a
LOAD c:/users/suraj/appdata/local/arduino15/internal/arduino_arm-none-eabi-gcc_7-2017q4_7b7be9f526b2cb64/bin/../lib/gcc/arm-none-eabi/7.2.1/../../../../arm-none-eabi/lib/thumb/v6-m\libnosys.a
END GROUP
START GROUP
LOAD c:/users/suraj/appdata/local/arduino15/internal/arduino_arm-none-eabi-gcc_7-2017q4_7b7be9f526b2cb64/bin/../lib/gcc/arm-none-eabi/7.2.1/thumb/v6-m\libgcc.a
LOAD c:/users/suraj/appdata/local/arduino15/internal/arduino_arm-none-eabi-gcc_7-2017q4_7b7be9f526b2cb64/bin/../lib/gcc/arm-none-eabi/7.2.1/../../../../arm-none-eabi/lib/thumb/v6-m\libc_nano.a
LOAD c:/users/suraj/appdata/local/arduino15/internal/arduino_arm-none-eabi-gcc_7-2017q4_7b7be9f526b2cb64/bin/../lib/gcc/arm-none-eabi/7.2.1/../../../../arm-none-eabi/lib/thumb/v6-m\libnosys.a
END GROUP
LOAD c:/users/suraj/appdata/local/arduino15/internal/arduino_arm-none-eabi-gcc_7-2017q4_7b7be9f526b2cb64/bin/../lib/gcc/arm-none-eabi/7.2.1/thumb/v6-m/crtend.o
LOAD c:/users/suraj/appdata/local/arduino15/internal/arduino_arm-none-eabi-gcc_7-2017q4_7b7be9f526b2cb64/bin/../lib/gcc/arm-none-eabi/7.2.1/thumb/v6-m/crtn.o

.text           0x00002000     0x7e08
                0x00002000                __text_start__ = .
 *(.sketch_boot)
                0x00002000                . = ALIGN (0x2000)
 *(.isr_vector)
 .isr_vector    0x00002000       0xb4 C:\Users\Suraj\AppData\Local\Temp\arduino\sketches\FDC9FEE58E9B3DD09A6C1DB9684E992E/..\..\cores\arduino_samd_arduino_zero_edbg_26de0d3990a796a533e3a60fba950730\core.a(cortex_handlers.c.o)
                0x00002000                exception_table
 *(.text*)
 .text          0x000020b4       0x48 c:/users/suraj/appdata/local/arduino15/internal/arduino_arm-none-eabi-gcc_7-2017q4_7b7be9f526b2cb64/bin/../lib/gcc/arm-none-eabi/7.2.1/thumb/v6-m/crtbegin.o
 .text._Z13updateEncoderv
                0x000020fc       0x58 C:\Users\Suraj\AppData\Local\Temp\arduino\sketches\FDC9FEE58E9B3DD09A6C1DB9684E992E\sketch\MAZESOLVER_RDPLITE.ino.cpp.o
                0x000020fc                updateEncoder()
 .text.__tcf_0  0x00002154       0x28 C:\Users\Suraj\AppData\Local\Temp\arduino\sketches\FDC9FEE58E9B3DD09A6C1DB9684E992E\sketch\MAZESOLVER_RDPLITE.ino.cpp.o
 .text._Z13alterLEDstatev
                0x0000217c       0x18 C:\Users\Suraj\AppData\Local\Temp\arduino\sketches\FDC9FEE58E9B3DD09A6C1DB9684E992E\sketch\MAZESOLVER_RDPLITE.ino.cpp.o
                0x0000217c                alterLEDstate()
 .text._Z5_beepv
                0x00002194       0x1a C:\Users\Suraj\AppData\Local\Temp\arduino\sketches\FDC9FEE58E9B3DD09A6C1DB9684E992E\sketch\MAZESOLVER_RDPLITE.ino.cpp.o
                0x00002194                _beep()
 .text.loop     0x000021ae        0xa C:\Users\Suraj\AppData\Local\Temp\arduino\sketches\FDC9FEE58E9B3DD09A6C1DB9684E992E\sketch\MAZESOLVER_RDPLITE.ino.cpp.o
                0x000021ae                loop
 .text._Z9enableISRv
                0x000021b8       0x20 C:\Users\Suraj\AppData\Local\Temp\arduino\sketches\FDC9FEE58E9B3DD09A6C1DB9684E992E\sketch\MAZESOLVER_RDPLITE.ino.cpp.o
                0x000021b8                enableISR()
 .text._Z10disableISRv
                0x000021d8       0x10 C:\Users\Suraj\AppData\Local\Temp\arduino\sketches\FDC9FEE58E9B3DD09A6C1DB9684E992E\sketch\MAZESOLVER_RDPLITE.ino.cpp.o
                0x000021d8                disableISR()
 .text._Z12resetEncoderv
                0x000021e8       0x18 C:\Users\Suraj\AppData\Local\Temp\arduino\sketches\FDC9FEE58E9B3DD09A6C1DB9684E992E\sketch\MAZESOLVER_RDPLITE.ino.cpp.o
                0x000021e8                resetEncoder()
 .text._Z9moveMotorii
                0x00002200       0x78 C:\Users\Suraj\AppData\Local\Temp\arduino\sketches\FDC9FEE58E9B3DD09A6C1DB9684E992E\sketch\MAZESOLVER_RDPLITE.ino.cpp.o
                0x00002200                moveMotor(int, int)
 .text._Z11setMotorIOsv
                0x00002278       0x42 C:\Users\Suraj\AppData\Local\Temp\arduino\sketches\FDC9FEE58E9B3DD09A6C1DB9684E992E\sketch\MAZESOLVER_RDPLITE.ino.cpp.o
                0x00002278                setMotorIOs()
 *fill*         0x000022ba        0x2 
 .text._Z19moveStraightAlignedv
                0x000022bc       0xe8 C:\Users\Suraj\AppData\Local\Temp\arduino\sketches\FDC9FEE58E9B3DD09A6C1DB9684E992E\sketch\MAZESOLVER_RDPLITE.ino.cpp.o
                0x000022bc                moveStraightAligned()
 .text._Z8beginMpuv
                0x000023a4       0x40 C:\Users\Suraj\AppData\Local\Temp\arduino\sketches\FDC9FEE58E9B3DD09A6C1DB9684E992E\sketch\MAZESOLVER_RDPLITE.ino.cpp.o
                0x000023a4                beginMpu()
 .text._Z10detectTurnbb
                0x000023e4       0x30 C:\Users\Suraj\AppData\Local\Temp\arduino\sketches\FDC9FEE58E9B3DD09A6C1DB9684E992E\sketch\MAZESOLVER_RDPLITE.ino.cpp.o
                0x000023e4                detectTurn(bool, bool)
 .text.startup._GLOBAL__sub_I_wallSense
                0x00002414       0x74 C:\Users\Suraj\AppData\Local\Temp\arduino\sketches\FDC9FEE58E9B3DD09A6C1DB9684E992E\sketch\MAZESOLVER_RDPLITE.ino.cpp.o
 .text._Z9beginWirev
                0x00002488       0x1c C:\Users\Suraj\AppData\Local\Temp\arduino\sketches\FDC9FEE58E9B3DD09A6C1DB9684E992E\sketch\MAZESOLVER_RDPLITE.ino.cpp.o
                0x00002488                beginWire()
 .text._Z13writeRegisterhh
                0x000024a4       0x2c C:\Users\Suraj\AppData\Local\Temp\arduino\sketches\FDC9FEE58E9B3DD09A6C1DB9684E992E\sketch\MAZESOLVER_RDPLITE.ino.cpp.o
                0x000024a4                writeRegister(unsigned char, unsigned char)
 .text._Z8TCA9548Ah
                0x000024d0       0x28 C:\Users\Suraj\AppData\Local\Temp\arduino\sketches\FDC9FEE58E9B3DD09A6C1DB9684E992E\sketch\MAZESOLVER_RDPLITE.ino.cpp.o
                0x000024d0                TCA9548A(unsigned char)
 .text._Z8initAPDSh
                0x000024f8       0x2c C:\Users\Suraj\AppData\Local\Temp\arduino\sketches\FDC9FEE58E9B3DD09A6C1DB9684E992E\sketch\MAZESOLVER_RDPLITE.ino.cpp.o
                0x000024f8                initAPDS(unsigned char)
 .text._Z12readRegisterhh
                0x00002524       0x54 C:\Users\Suraj\AppData\Local\Temp\arduino\sketches\FDC9FEE58E9B3DD09A6C1DB9684E992E\sketch\MAZESOLVER_RDPLITE.ino.cpp.o
                0x00002524                readRegister(unsigned char, unsigned char)
 .text._Z13readProximityh
                0x00002578       0x18 C:\Users\Suraj\AppData\Local\Temp\arduino\sketches\FDC9FEE58E9B3DD09A6C1DB9684E992E\sketch\MAZESOLVER_RDPLITE.ino.cpp.o
                0x00002578                readProximity(unsigned char)
 .text._Z22updateProximitySensorsv
                0x00002590       0xe0 C:\Users\Suraj\AppData\Local\Temp\arduino\sketches\FDC9FEE58E9B3DD09A6C1DB9684E992E\sketch\MAZESOLVER_RDPLITE.ino.cpp.o
                0x00002590                updateProximitySensors()
 .text._Z7turnBotiii
                0x00002670      0x244 C:\Users\Suraj\AppData\Local\Temp\arduino\sketches\FDC9FEE58E9B3DD09A6C1DB9684E992E\sketch\MAZESOLVER_RDPLITE.ino.cpp.o
                0x00002670                turnBot(int, int, int)
 .text._Z7turnBotii
                0x000028b4        0xa C:\Users\Suraj\AppData\Local\Temp\arduino\sketches\FDC9FEE58E9B3DD09A6C1DB9684E992E\sketch\MAZESOLVER_RDPLITE.ino.cpp.o
                0x000028b4                turnBot(int, int)
 *fill*         0x000028be        0x2 
 .text._Z37moveStraightAlignedToDistanceForCurvef
                0x000028c0       0x88 C:\Users\Suraj\AppData\Local\Temp\arduino\sketches\FDC9FEE58E9B3DD09A6C1DB9684E992E\sketch\MAZESOLVER_RDPLITE.ino.cpp.o
                0x000028c0                moveStraightAlignedToDistanceForCurve(float)
 .text._Z29moveStraightAlignedToDistancefbb
                0x00002948      0x108 C:\Users\Suraj\AppData\Local\Temp\arduino\sketches\FDC9FEE58E9B3DD09A6C1DB9684E992E\sketch\MAZESOLVER_RDPLITE.ino.cpp.o
                0x00002948                moveStraightAlignedToDistance(float, bool, bool)
 .text._Z11updateWallsb
                0x00002a50       0x68 C:\Users\Suraj\AppData\Local\Temp\arduino\sketches\FDC9FEE58E9B3DD09A6C1DB9684E992E\sketch\MAZESOLVER_RDPLITE.ino.cpp.o
                0x00002a50                updateWalls(bool)
 .text._Z21delayWithSensorUpdatei
                0x00002ab8       0x2c C:\Users\Suraj\AppData\Local\Temp\arduino\sketches\FDC9FEE58E9B3DD09A6C1DB9684E992E\sketch\MAZESOLVER_RDPLITE.ino.cpp.o
                0x00002ab8                delayWithSensorUpdate(int)
 .text._Z10wallFollowi
                0x00002ae4      0x2dc C:\Users\Suraj\AppData\Local\Temp\arduino\sketches\FDC9FEE58E9B3DD09A6C1DB9684E992E\sketch\MAZESOLVER_RDPLITE.ino.cpp.o
                0x00002ae4                wallFollow(int)
 .text._Z9solveMazev
                0x00002dc0        0xe C:\Users\Suraj\AppData\Local\Temp\arduino\sketches\FDC9FEE58E9B3DD09A6C1DB9684E992E\sketch\MAZESOLVER_RDPLITE.ino.cpp.o
                0x00002dc0                solveMaze()
 *fill*         0x00002dce        0x2 
 .text._Z17waitForUserInput1v
                0x00002dd0       0x3c C:\Users\Suraj\AppData\Local\Temp\arduino\sketches\FDC9FEE58E9B3DD09A6C1DB9684E992E\sketch\MAZESOLVER_RDPLITE.ino.cpp.o
                0x00002dd0                waitForUserInput1()
 .text._Z17waitForUserInput2v
                0x00002e0c       0x60 C:\Users\Suraj\AppData\Local\Temp\arduino\sketches\FDC9FEE58E9B3DD09A6C1DB9684E992E\sketch\MAZESOLVER_RDPLITE.ino.cpp.o
                0x00002e0c                waitForUserInput2()
 .text.setup    0x00002e6c       0xc0 C:\Users\Suraj\AppData\Local\Temp\arduino\sketches\FDC9FEE58E9B3DD09A6C1DB9684E992E\sketch\MAZESOLVER_RDPLITE.ino.cpp.o
                0x00002e6c                setup
 .text._ZN7arduino5Print17availableForWriteEv
                0x00002f2c        0x4 C:\Users\Suraj\AppData\Local\Temp\arduino\sketches\FDC9FEE58E9B3DD09A6C1DB9684E992E\libraries\Wire\Wire.cpp.o
                0x00002f2c                arduino::Print::availableForWrite()
 .text._ZN7arduino7TwoWire11requestFromEhj
                0x00002f30        0xc C:\Users\Suraj\AppData\Local\Temp\arduino\sketches\FDC9FEE58E9B3DD09A6C1DB9684E992E\libraries\Wire\Wire.cpp.o
                0x00002f30                arduino::TwoWire::requestFrom(unsigned char, unsigned int)
 .text._ZN7arduino7TwoWire17beginTransmissionEh
                0x00002f3c       0x18 C:\Users\Suraj\AppData\Local\Temp\arduino\sketches\FDC9FEE58E9B3DD09A6C1DB9684E992E\libraries\Wire\Wire.cpp.o
                0x00002f3c                arduino::TwoWire::beginTransmission(unsigned char)
 .text._ZN7arduino7TwoWire15endTransmissionEv
                0x00002f54        0xc C:\Users\Suraj\AppData\Local\Temp\arduino\sketches\FDC9FEE58E9B3DD09A6C1DB9684E992E\libraries\Wire\Wire.cpp.o
                0x00002f54                arduino::TwoWire::endTransmission()
 .text._ZN7arduino7TwoWire5writeEPKhj
                0x00002f60       0x24 C:\Users\Suraj\AppData\Local\Temp\arduino\sketches\FDC9FEE58E9B3DD09A6C1DB9684E992E\libraries\Wire\Wire.cpp.o
                0x00002f60                arduino::TwoWire::write(unsigned char const*, unsigned int)
 .text._ZN7arduino7TwoWire9availableEv
                0x00002f84        0x6 C:\Users\Suraj\AppData\Local\Temp\arduino\sketches\FDC9FEE58E9B3DD09A6C1DB9684E992E\libraries\Wire\Wire.cpp.o
                0x00002f84                arduino::TwoWire::available()
 .text._ZN7arduino7TwoWire5flushEv
                0x00002f8a        0x2 C:\Users\Suraj\AppData\Local\Temp\arduino\sketches\FDC9FEE58E9B3DD09A6C1DB9684E992E\libraries\Wire\Wire.cpp.o
                0x00002f8a                arduino::TwoWire::flush()
 .text._ZN7arduino7TwoWire9onReceiveEPFviE
                0x00002f8c        0x8 C:\Users\Suraj\AppData\Local\Temp\arduino\sketches\FDC9FEE58E9B3DD09A6C1DB9684E992E\libraries\Wire\Wire.cpp.o
                0x00002f8c                arduino::TwoWire::onReceive(void (*)(int))
 .text._ZN7arduino7TwoWire9onRequestEPFvvE
                0x00002f94        0x8 C:\Users\Suraj\AppData\Local\Temp\arduino\sketches\FDC9FEE58E9B3DD09A6C1DB9684E992E\libraries\Wire\Wire.cpp.o
                0x00002f94                arduino::TwoWire::onRequest(void (*)())
 .text._ZN7arduino7TwoWire4peekEv
                0x00002f9c       0x18 C:\Users\Suraj\AppData\Local\Temp\arduino\sketches\FDC9FEE58E9B3DD09A6C1DB9684E992E\libraries\Wire\Wire.cpp.o
                0x00002f9c                arduino::TwoWire::peek()
 .text._ZN7arduino7TwoWire5beginEv
                0x00002fb4       0x40 C:\Users\Suraj\AppData\Local\Temp\arduino\sketches\FDC9FEE58E9B3DD09A6C1DB9684E992E\libraries\Wire\Wire.cpp.o
                0x00002fb4                arduino::TwoWire::begin()
 .text._ZN7arduino7TwoWire8setClockEm
                0x00002ff4       0x1c C:\Users\Suraj\AppData\Local\Temp\arduino\sketches\FDC9FEE58E9B3DD09A6C1DB9684E992E\libraries\Wire\Wire.cpp.o
                0x00002ff4                arduino::TwoWire::setClock(unsigned long)
 .text._ZN7arduino7TwoWire3endEv
                0x00003010        0xa C:\Users\Suraj\AppData\Local\Temp\arduino\sketches\FDC9FEE58E9B3DD09A6C1DB9684E992E\libraries\Wire\Wire.cpp.o
                0x00003010                arduino::TwoWire::end()
 *fill*         0x0000301a        0x2 
 .text._ZN7arduino7TwoWireC2EP6SERCOMhh
                0x0000301c       0x64 C:\Users\Suraj\AppData\Local\Temp\arduino\sketches\FDC9FEE58E9B3DD09A6C1DB9684E992E\libraries\Wire\Wire.cpp.o
                0x0000301c                arduino::TwoWire::TwoWire(SERCOM*, unsigned char, unsigned char)
                0x0000301c                arduino::TwoWire::TwoWire(SERCOM*, unsigned char, unsigned char)
 .text._ZN7arduino7TwoWire5beginEhb
                0x00003080       0x38 C:\Users\Suraj\AppData\Local\Temp\arduino\sketches\FDC9FEE58E9B3DD09A6C1DB9684E992E\libraries\Wire\Wire.cpp.o
                0x00003080                arduino::TwoWire::begin(unsigned char, bool)
 .text._ZN7arduino7TwoWire5beginEh
                0x000030b8        0xa C:\Users\Suraj\AppData\Local\Temp\arduino\sketches\FDC9FEE58E9B3DD09A6C1DB9684E992E\libraries\Wire\Wire.cpp.o
                0x000030b8                arduino::TwoWire::begin(unsigned char)
 .text._ZN7arduino11RingBufferNILi256EE10store_charEh
                0x000030c2       0x24 C:\Users\Suraj\AppData\Local\Temp\arduino\sketches\FDC9FEE58E9B3DD09A6C1DB9684E992E\libraries\Wire\Wire.cpp.o
                0x000030c2                arduino::RingBufferN<256>::store_char(unsigned char)
 .text._ZN7arduino7TwoWire11requestFromEhjb
                0x000030e6       0x90 C:\Users\Suraj\AppData\Local\Temp\arduino\sketches\FDC9FEE58E9B3DD09A6C1DB9684E992E\libraries\Wire\Wire.cpp.o
                0x000030e6                arduino::TwoWire::requestFrom(unsigned char, unsigned int, bool)
 .text._ZN7arduino7TwoWire5writeEh
                0x00003176       0x28 C:\Users\Suraj\AppData\Local\Temp\arduino\sketches\FDC9FEE58E9B3DD09A6C1DB9684E992E\libraries\Wire\Wire.cpp.o
                0x00003176                arduino::TwoWire::write(unsigned char)
 .text._ZN7arduino11RingBufferNILi256EE9read_charEv
                0x0000319e       0x24 C:\Users\Suraj\AppData\Local\Temp\arduino\sketches\FDC9FEE58E9B3DD09A6C1DB9684E992E\libraries\Wire\Wire.cpp.o
                0x0000319e                arduino::RingBufferN<256>::read_char()
 .text._ZN7arduino7TwoWire15endTransmissionEb
                0x000031c2       0x66 C:\Users\Suraj\AppData\Local\Temp\arduino\sketches\FDC9FEE58E9B3DD09A6C1DB9684E992E\libraries\Wire\Wire.cpp.o
                0x000031c2                arduino::TwoWire::endTransmission(bool)
 .text._ZN7arduino7TwoWire4readEv
                0x00003228        0xa C:\Users\Suraj\AppData\Local\Temp\arduino\sketches\FDC9FEE58E9B3DD09A6C1DB9684E992E\libraries\Wire\Wire.cpp.o
                0x00003228                arduino::TwoWire::read()
 .text._ZN7arduino7TwoWire9onServiceEv
                0x00003232      0x114 C:\Users\Suraj\AppData\Local\Temp\arduino\sketches\FDC9FEE58E9B3DD09A6C1DB9684E992E\libraries\Wire\Wire.cpp.o
                0x00003232                arduino::TwoWire::onService()
 *fill*         0x00003346        0x2 
 .text.SERCOM3_Handler
                0x00003348       0x10 C:\Users\Suraj\AppData\Local\Temp\arduino\sketches\FDC9FEE58E9B3DD09A6C1DB9684E992E\libraries\Wire\Wire.cpp.o
                0x00003348                SERCOM3_Handler
 .text.startup._GLOBAL__sub_I__ZN7arduino7TwoWireC2EP6SERCOMhh
                0x00003358       0x18 C:\Users\Suraj\AppData\Local\Temp\arduino\sketches\FDC9FEE58E9B3DD09A6C1DB9684E992E\libraries\Wire\Wire.cpp.o
 .text._ZN7MPU6050C2ERN7arduino7TwoWireE
                0x00003370       0x24 C:\Users\Suraj\AppData\Local\Temp\arduino\sketches\FDC9FEE58E9B3DD09A6C1DB9684E992E\libraries\MPU6050_light\MPU6050_light.cpp.o
                0x00003370                MPU6050::MPU6050(arduino::TwoWire&)
                0x00003370                MPU6050::MPU6050(arduino::TwoWire&)
 .text._ZN7MPU60509writeDataEhh
                0x00003394       0x30 C:\Users\Suraj\AppData\Local\Temp\arduino\sketches\FDC9FEE58E9B3DD09A6C1DB9684E992E\libraries\MPU6050_light\MPU6050_light.cpp.o
                0x00003394                MPU6050::writeData(unsigned char, unsigned char)
 .text._ZN7MPU605013setGyroConfigEi
                0x000033c4       0x4c C:\Users\Suraj\AppData\Local\Temp\arduino\sketches\FDC9FEE58E9B3DD09A6C1DB9684E992E\libraries\MPU6050_light\MPU6050_light.cpp.o
                0x000033c4                MPU6050::setGyroConfig(int)
 .text._ZN7MPU605012setAccConfigEi
                0x00003410       0x44 C:\Users\Suraj\AppData\Local\Temp\arduino\sketches\FDC9FEE58E9B3DD09A6C1DB9684E992E\libraries\MPU6050_light\MPU6050_light.cpp.o
                0x00003410                MPU6050::setAccConfig(int)
 .text._ZN7MPU60509fetchDataEv
                0x00003454      0x128 C:\Users\Suraj\AppData\Local\Temp\arduino\sketches\FDC9FEE58E9B3DD09A6C1DB9684E992E\libraries\MPU6050_light\MPU6050_light.cpp.o
                0x00003454                MPU6050::fetchData()
 .text._ZN7MPU605011calcOffsetsEbb
                0x0000357c       0xfc C:\Users\Suraj\AppData\Local\Temp\arduino\sketches\FDC9FEE58E9B3DD09A6C1DB9684E992E\libraries\MPU6050_light\MPU6050_light.cpp.o
                0x0000357c                MPU6050::calcOffsets(bool, bool)
 .text._ZN7MPU60506updateEv
                0x00003678      0x280 C:\Users\Suraj\AppData\Local\Temp\arduino\sketches\FDC9FEE58E9B3DD09A6C1DB9684E992E\libraries\MPU6050_light\MPU6050_light.cpp.o
                0x00003678                MPU6050::update()
 .text._ZN7MPU60505beginEii
                0x000038f8       0x4e C:\Users\Suraj\AppData\Local\Temp\arduino\sketches\FDC9FEE58E9B3DD09A6C1DB9684E992E\libraries\MPU6050_light\MPU6050_light.cpp.o
                0x000038f8                MPU6050::begin(int, int)
 *fill*         0x00003946        0x2 
 .text.SERCOM0_Handler
                0x00003948       0x10 C:\Users\Suraj\AppData\Local\Temp\arduino\sketches\FDC9FEE58E9B3DD09A6C1DB9684E992E\core\variant.cpp.o
                0x00003948                SERCOM0_Handler
 .text.SERCOM5_Handler
                0x00003958       0x10 C:\Users\Suraj\AppData\Local\Temp\arduino\sketches\FDC9FEE58E9B3DD09A6C1DB9684E992E\core\variant.cpp.o
                0x00003958                SERCOM5_Handler
 .text.startup._GLOBAL__sub_I_g_APinDescription
                0x00003968       0x94 C:\Users\Suraj\AppData\Local\Temp\arduino\sketches\FDC9FEE58E9B3DD09A6C1DB9684E992E\core\variant.cpp.o
 .text._ZN6SERCOMC2EP6Sercom
                0x000039fc        0x8 C:\Users\Suraj\AppData\Local\Temp\arduino\sketches\FDC9FEE58E9B3DD09A6C1DB9684E992E/..\..\cores\arduino_samd_arduino_zero_edbg_26de0d3990a796a533e3a60fba950730\core.a(SERCOM.cpp.o)
                0x000039fc                SERCOM::SERCOM(Sercom*)
                0x000039fc                SERCOM::SERCOM(Sercom*)
 .text._ZN6SERCOM9initFrameE18SercomUartCharSize15SercomDataOrder16SercomParityMode19SercomNumberStopBit
                0x00003a04       0x3a C:\Users\Suraj\AppData\Local\Temp\arduino\sketches\FDC9FEE58E9B3DD09A6C1DB9684E992E/..\..\cores\arduino_samd_arduino_zero_edbg_26de0d3990a796a533e3a60fba950730\core.a(SERCOM.cpp.o)
                0x00003a04                SERCOM::initFrame(SercomUartCharSize, SercomDataOrder, SercomParityMode, SercomNumberStopBit)
 .text._ZN6SERCOM8initPadsE15SercomUartTXPad11SercomRXPad
                0x00003a3e       0x26 C:\Users\Suraj\AppData\Local\Temp\arduino\sketches\FDC9FEE58E9B3DD09A6C1DB9684E992E/..\..\cores\arduino_samd_arduino_zero_edbg_26de0d3990a796a533e3a60fba950730\core.a(SERCOM.cpp.o)
                0x00003a3e                SERCOM::initPads(SercomUartTXPad, SercomRXPad)
 .text._ZN6SERCOM9resetUARTEv
                0x00003a64       0x1a C:\Users\Suraj\AppData\Local\Temp\arduino\sketches\FDC9FEE58E9B3DD09A6C1DB9684E992E/..\..\cores\arduino_samd_arduino_zero_edbg_26de0d3990a796a533e3a60fba950730\core.a(SERCOM.cpp.o)
                0x00003a64                SERCOM::resetUART()
 .text._ZN6SERCOM10enableUARTEv
                0x00003a7e       0x14 C:\Users\Suraj\AppData\Local\Temp\arduino\sketches\FDC9FEE58E9B3DD09A6C1DB9684E992E/..\..\cores\arduino_samd_arduino_zero_edbg_26de0d3990a796a533e3a60fba950730\core.a(SERCOM.cpp.o)
                0x00003a7e                SERCOM::enableUART()
 .text._ZN6SERCOM9flushUARTEv
                0x00003a92       0x14 C:\Users\Suraj\AppData\Local\Temp\arduino\sketches\FDC9FEE58E9B3DD09A6C1DB9684E992E/..\..\cores\arduino_samd_arduino_zero_edbg_26de0d3990a796a533e3a60fba950730\core.a(SERCOM.cpp.o)
                0x00003a92                SERCOM::flushUART()
 .text._ZN6SERCOM15clearStatusUARTEv
                0x00003aa6        0x8 C:\Users\Suraj\AppData\Local\Temp\arduino\sketches\FDC9FEE58E9B3DD09A6C1DB9684E992E/..\..\cores\arduino_samd_arduino_zero_edbg_26de0d3990a796a533e3a60fba950730\core.a(SERCOM.cpp.o)
                0x00003aa6                SERCOM::clearStatusUART()
 .text._ZN6SERCOM17availableDataUARTEv
                0x00003aae        0xa C:\Users\Suraj\AppData\Local\Temp\arduino\sketches\FDC9FEE58E9B3DD09A6C1DB9684E992E/..\..\cores\arduino_samd_arduino_zero_edbg_26de0d3990a796a533e3a60fba950730\core.a(SERCOM.cpp.o)
                0x00003aae                SERCOM::availableDataUART()
 .text._ZN6SERCOM11isUARTErrorEv
                0x00003ab8        0x8 C:\Users\Suraj\AppData\Local\Temp\arduino\sketches\FDC9FEE58E9B3DD09A6C1DB9684E992E/..\..\cores\arduino_samd_arduino_zero_edbg_26de0d3990a796a533e3a60fba950730\core.a(SERCOM.cpp.o)
                0x00003ab8                SERCOM::isUARTError()
 .text._ZN6SERCOM20acknowledgeUARTErrorEv
                0x00003ac0        0xe C:\Users\Suraj\AppData\Local\Temp\arduino\sketches\FDC9FEE58E9B3DD09A6C1DB9684E992E/..\..\cores\arduino_samd_arduino_zero_edbg_26de0d3990a796a533e3a60fba950730\core.a(SERCOM.cpp.o)
                0x00003ac0                SERCOM::acknowledgeUARTError()
 .text._ZN6SERCOM16isFrameErrorUARTEv
                0x00003ace        0xa C:\Users\Suraj\AppData\Local\Temp\arduino\sketches\FDC9FEE58E9B3DD09A6C1DB9684E992E/..\..\cores\arduino_samd_arduino_zero_edbg_26de0d3990a796a533e3a60fba950730\core.a(SERCOM.cpp.o)
                0x00003ace                SERCOM::isFrameErrorUART()
 .text._ZN6SERCOM19clearFrameErrorUARTEv
                0x00003ad8        0xc C:\Users\Suraj\AppData\Local\Temp\arduino\sketches\FDC9FEE58E9B3DD09A6C1DB9684E992E/..\..\cores\arduino_samd_arduino_zero_edbg_26de0d3990a796a533e3a60fba950730\core.a(SERCOM.cpp.o)
                0x00003ad8                SERCOM::clearFrameErrorUART()
 .text._ZN6SERCOM23isDataRegisterEmptyUARTEv
                0x00003ae4        0xa C:\Users\Suraj\AppData\Local\Temp\arduino\sketches\FDC9FEE58E9B3DD09A6C1DB9684E992E/..\..\cores\arduino_samd_arduino_zero_edbg_26de0d3990a796a533e3a60fba950730\core.a(SERCOM.cpp.o)
                0x00003ae4                SERCOM::isDataRegisterEmptyUART()
 .text._ZN6SERCOM12readDataUARTEv
                0x00003aee        0x8 C:\Users\Suraj\AppData\Local\Temp\arduino\sketches\FDC9FEE58E9B3DD09A6C1DB9684E992E/..\..\cores\arduino_samd_arduino_zero_edbg_26de0d3990a796a533e3a60fba950730\core.a(SERCOM.cpp.o)
                0x00003aee                SERCOM::readDataUART()
 .text._ZN6SERCOM13writeDataUARTEh
                0x00003af6       0x14 C:\Users\Suraj\AppData\Local\Temp\arduino\sketches\FDC9FEE58E9B3DD09A6C1DB9684E992E/..\..\cores\arduino_samd_arduino_zero_edbg_26de0d3990a796a533e3a60fba950730\core.a(SERCOM.cpp.o)
                0x00003af6                SERCOM::writeDataUART(unsigned char)
 .text._ZN6SERCOM36enableDataRegisterEmptyInterruptUARTEv
                0x00003b0a        0x8 C:\Users\Suraj\AppData\Local\Temp\arduino\sketches\FDC9FEE58E9B3DD09A6C1DB9684E992E/..\..\cores\arduino_samd_arduino_zero_edbg_26de0d3990a796a533e3a60fba950730\core.a(SERCOM.cpp.o)
                0x00003b0a                SERCOM::enableDataRegisterEmptyInterruptUART()
 .text._ZN6SERCOM37disableDataRegisterEmptyInterruptUARTEv
                0x00003b12        0x8 C:\Users\Suraj\AppData\Local\Temp\arduino\sketches\FDC9FEE58E9B3DD09A6C1DB9684E992E/..\..\cores\arduino_samd_arduino_zero_edbg_26de0d3990a796a533e3a60fba950730\core.a(SERCOM.cpp.o)
                0x00003b12                SERCOM::disableDataRegisterEmptyInterruptUART()
 .text._ZN6SERCOM9resetWIREEv
                0x00003b1a       0x1a C:\Users\Suraj\AppData\Local\Temp\arduino\sketches\FDC9FEE58E9B3DD09A6C1DB9684E992E/..\..\cores\arduino_samd_arduino_zero_edbg_26de0d3990a796a533e3a60fba950730\core.a(SERCOM.cpp.o)
                0x00003b1a                SERCOM::resetWIRE()
 .text._ZN6SERCOM10enableWIREEv
                0x00003b34       0x2a C:\Users\Suraj\AppData\Local\Temp\arduino\sketches\FDC9FEE58E9B3DD09A6C1DB9684E992E/..\..\cores\arduino_samd_arduino_zero_edbg_26de0d3990a796a533e3a60fba950730\core.a(SERCOM.cpp.o)
                0x00003b34                SERCOM::enableWIRE()
 .text._ZN6SERCOM11disableWIREEv
                0x00003b5e       0x14 C:\Users\Suraj\AppData\Local\Temp\arduino\sketches\FDC9FEE58E9B3DD09A6C1DB9684E992E/..\..\cores\arduino_samd_arduino_zero_edbg_26de0d3990a796a533e3a60fba950730\core.a(SERCOM.cpp.o)
                0x00003b5e                SERCOM::disableWIRE()
 .text._ZN6SERCOM18prepareNackBitWIREEv
                0x00003b72       0x10 C:\Users\Suraj\AppData\Local\Temp\arduino\sketches\FDC9FEE58E9B3DD09A6C1DB9684E992E/..\..\cores\arduino_samd_arduino_zero_edbg_26de0d3990a796a533e3a60fba950730\core.a(SERCOM.cpp.o)
                0x00003b72                SERCOM::prepareNackBitWIRE()
 *fill*         0x00003b82        0x2 
 .text._ZN6SERCOM17prepareAckBitWIREEv
                0x00003b84       0x14 C:\Users\Suraj\AppData\Local\Temp\arduino\sketches\FDC9FEE58E9B3DD09A6C1DB9684E992E/..\..\cores\arduino_samd_arduino_zero_edbg_26de0d3990a796a533e3a60fba950730\core.a(SERCOM.cpp.o)
                0x00003b84                SERCOM::prepareAckBitWIRE()
 .text._ZN6SERCOM22prepareCommandBitsWireEh
                0x00003b98       0x2c C:\Users\Suraj\AppData\Local\Temp\arduino\sketches\FDC9FEE58E9B3DD09A6C1DB9684E992E/..\..\cores\arduino_samd_arduino_zero_edbg_26de0d3990a796a533e3a60fba950730\core.a(SERCOM.cpp.o)
                0x00003b98                SERCOM::prepareCommandBitsWire(unsigned char)
 .text._ZN6SERCOM21startTransmissionWIREEh23SercomWireReadWriteFlag
                0x00003bc4       0x84 C:\Users\Suraj\AppData\Local\Temp\arduino\sketches\FDC9FEE58E9B3DD09A6C1DB9684E992E/..\..\cores\arduino_samd_arduino_zero_edbg_26de0d3990a796a533e3a60fba950730\core.a(SERCOM.cpp.o)
                0x00003bc4                SERCOM::startTransmissionWIRE(unsigned char, SercomWireReadWriteFlag)
 .text._ZN6SERCOM18sendDataMasterWIREEh
                0x00003c48       0x30 C:\Users\Suraj\AppData\Local\Temp\arduino\sketches\FDC9FEE58E9B3DD09A6C1DB9684E992E/..\..\cores\arduino_samd_arduino_zero_edbg_26de0d3990a796a533e3a60fba950730\core.a(SERCOM.cpp.o)
                0x00003c48                SERCOM::sendDataMasterWIRE(unsigned char)
 .text._ZN6SERCOM17sendDataSlaveWIREEh
                0x00003c78       0x1c C:\Users\Suraj\AppData\Local\Temp\arduino\sketches\FDC9FEE58E9B3DD09A6C1DB9684E992E/..\..\cores\arduino_samd_arduino_zero_edbg_26de0d3990a796a533e3a60fba950730\core.a(SERCOM.cpp.o)
                0x00003c78                SERCOM::sendDataSlaveWIRE(unsigned char)
 .text._ZN6SERCOM11isSlaveWIREEv
                0x00003c94       0x12 C:\Users\Suraj\AppData\Local\Temp\arduino\sketches\FDC9FEE58E9B3DD09A6C1DB9684E992E/..\..\cores\arduino_samd_arduino_zero_edbg_26de0d3990a796a533e3a60fba950730\core.a(SERCOM.cpp.o)
                0x00003c94                SERCOM::isSlaveWIRE()
 .text._ZN6SERCOM14isBusOwnerWIREEv
                0x00003ca6       0x12 C:\Users\Suraj\AppData\Local\Temp\arduino\sketches\FDC9FEE58E9B3DD09A6C1DB9684E992E/..\..\cores\arduino_samd_arduino_zero_edbg_26de0d3990a796a533e3a60fba950730\core.a(SERCOM.cpp.o)
                0x00003ca6                SERCOM::isBusOwnerWIRE()
 .text._ZN6SERCOM15isDataReadyWIREEv
                0x00003cb8        0xa C:\Users\Suraj\AppData\Local\Temp\arduino\sketches\FDC9FEE58E9B3DD09A6C1DB9684E992E/..\..\cores\arduino_samd_arduino_zero_edbg_26de0d3990a796a533e3a60fba950730\core.a(SERCOM.cpp.o)
                0x00003cb8                SERCOM::isDataReadyWIRE()
 .text._ZN6SERCOM18isStopDetectedWIREEv
                0x00003cc2        0xa C:\Users\Suraj\AppData\Local\Temp\arduino\sketches\FDC9FEE58E9B3DD09A6C1DB9684E992E/..\..\cores\arduino_samd_arduino_zero_edbg_26de0d3990a796a533e3a60fba950730\core.a(SERCOM.cpp.o)
                0x00003cc2                SERCOM::isStopDetectedWIRE()
 .text._ZN6SERCOM21isRestartDetectedWIREEv
                0x00003ccc        0xa C:\Users\Suraj\AppData\Local\Temp\arduino\sketches\FDC9FEE58E9B3DD09A6C1DB9684E992E/..\..\cores\arduino_samd_arduino_zero_edbg_26de0d3990a796a533e3a60fba950730\core.a(SERCOM.cpp.o)
                0x00003ccc                SERCOM::isRestartDetectedWIRE()
 .text._ZN6SERCOM14isAddressMatchEv
                0x00003cd6        0xa C:\Users\Suraj\AppData\Local\Temp\arduino\sketches\FDC9FEE58E9B3DD09A6C1DB9684E992E/..\..\cores\arduino_samd_arduino_zero_edbg_26de0d3990a796a533e3a60fba950730\core.a(SERCOM.cpp.o)
                0x00003cd6                SERCOM::isAddressMatch()
 .text._ZN6SERCOM25isMasterReadOperationWIREEv
                0x00003ce0        0xa C:\Users\Suraj\AppData\Local\Temp\arduino\sketches\FDC9FEE58E9B3DD09A6C1DB9684E992E/..\..\cores\arduino_samd_arduino_zero_edbg_26de0d3990a796a533e3a60fba950730\core.a(SERCOM.cpp.o)
                0x00003ce0                SERCOM::isMasterReadOperationWIRE()
 .text._ZN6SERCOM12readDataWIREEv
                0x00003cea       0x20 C:\Users\Suraj\AppData\Local\Temp\arduino\sketches\FDC9FEE58E9B3DD09A6C1DB9684E992E/..\..\cores\arduino_samd_arduino_zero_edbg_26de0d3990a796a533e3a60fba950730\core.a(SERCOM.cpp.o)
                0x00003cea                SERCOM::readDataWIRE()
 *fill*         0x00003d0a        0x2 
 .text._ZN6SERCOM13initClockNVICEv
                0x00003d0c       0xa8 C:\Users\Suraj\AppData\Local\Temp\arduino\sketches\FDC9FEE58E9B3DD09A6C1DB9684E992E/..\..\cores\arduino_samd_arduino_zero_edbg_26de0d3990a796a533e3a60fba950730\core.a(SERCOM.cpp.o)
                0x00003d0c                SERCOM::initClockNVIC()
 .text._ZN6SERCOM8initUARTE14SercomUartMode20SercomUartSampleRatem
                0x00003db4       0x6c C:\Users\Suraj\AppData\Local\Temp\arduino\sketches\FDC9FEE58E9B3DD09A6C1DB9684E992E/..\..\cores\arduino_samd_arduino_zero_edbg_26de0d3990a796a533e3a60fba950730\core.a(SERCOM.cpp.o)
                0x00003db4                SERCOM::initUART(SercomUartMode, SercomUartSampleRate, unsigned long)
 .text._ZN6SERCOM13initSlaveWIREEhb
                0x00003e20       0x4a C:\Users\Suraj\AppData\Local\Temp\arduino\sketches\FDC9FEE58E9B3DD09A6C1DB9684E992E/..\..\cores\arduino_samd_arduino_zero_edbg_26de0d3990a796a533e3a60fba950730\core.a(SERCOM.cpp.o)
                0x00003e20                SERCOM::initSlaveWIRE(unsigned char, bool)
 *fill*         0x00003e6a        0x2 
 .text._ZN6SERCOM14initMasterWIREEm
                0x00003e6c       0x54 C:\Users\Suraj\AppData\Local\Temp\arduino\sketches\FDC9FEE58E9B3DD09A6C1DB9684E992E/..\..\cores\arduino_samd_arduino_zero_edbg_26de0d3990a796a533e3a60fba950730\core.a(SERCOM.cpp.o)
                0x00003e6c                SERCOM::initMasterWIRE(unsigned long)
 .text._ZN4UartcvbEv
                0x00003ec0        0x4 C:\Users\Suraj\AppData\Local\Temp\arduino\sketches\FDC9FEE58E9B3DD09A6C1DB9684E992E/..\..\cores\arduino_samd_arduino_zero_edbg_26de0d3990a796a533e3a60fba950730\core.a(Uart.cpp.o)
                0x00003ec0                Uart::operator bool()
 .text._ZN4Uart5beginEm
                0x00003ec4       0x10 C:\Users\Suraj\AppData\Local\Temp\arduino\sketches\FDC9FEE58E9B3DD09A6C1DB9684E992E/..\..\cores\arduino_samd_arduino_zero_edbg_26de0d3990a796a533e3a60fba950730\core.a(Uart.cpp.o)
                0x00003ec4                Uart::begin(unsigned long)
 .text._ZN4Uart9availableEv
                0x00003ed4        0x6 C:\Users\Suraj\AppData\Local\Temp\arduino\sketches\FDC9FEE58E9B3DD09A6C1DB9684E992E/..\..\cores\arduino_samd_arduino_zero_edbg_26de0d3990a796a533e3a60fba950730\core.a(Uart.cpp.o)
                0x00003ed4                Uart::available()
 .text._ZN4Uart17availableForWriteEv
                0x00003eda       0x10 C:\Users\Suraj\AppData\Local\Temp\arduino\sketches\FDC9FEE58E9B3DD09A6C1DB9684E992E/..\..\cores\arduino_samd_arduino_zero_edbg_26de0d3990a796a533e3a60fba950730\core.a(Uart.cpp.o)
                0x00003eda                Uart::availableForWrite()
 .text._ZN4Uart4peekEv
                0x00003eea       0x18 C:\Users\Suraj\AppData\Local\Temp\arduino\sketches\FDC9FEE58E9B3DD09A6C1DB9684E992E/..\..\cores\arduino_samd_arduino_zero_edbg_26de0d3990a796a533e3a60fba950730\core.a(Uart.cpp.o)
                0x00003eea                Uart::peek()
 .text._ZN4Uart3endEv
                0x00003f02       0x24 C:\Users\Suraj\AppData\Local\Temp\arduino\sketches\FDC9FEE58E9B3DD09A6C1DB9684E992E/..\..\cores\arduino_samd_arduino_zero_edbg_26de0d3990a796a533e3a60fba950730\core.a(Uart.cpp.o)
                0x00003f02                Uart::end()
 .text._ZN4Uart5flushEv
                0x00003f26       0x16 C:\Users\Suraj\AppData\Local\Temp\arduino\sketches\FDC9FEE58E9B3DD09A6C1DB9684E992E/..\..\cores\arduino_samd_arduino_zero_edbg_26de0d3990a796a533e3a60fba950730\core.a(Uart.cpp.o)
                0x00003f26                Uart::flush()
 .text._ZN7__GuardD2Ev
                0x00003f3c        0xe C:\Users\Suraj\AppData\Local\Temp\arduino\sketches\FDC9FEE58E9B3DD09A6C1DB9684E992E/..\..\cores\arduino_samd_arduino_zero_edbg_26de0d3990a796a533e3a60fba950730\core.a(Uart.cpp.o)
                0x00003f3c                __Guard::~__Guard()
                0x00003f3c                __Guard::~__Guard()
 .text._ZN4Uart16extractNbStopBitEt
                0x00003f4a        0xc C:\Users\Suraj\AppData\Local\Temp\arduino\sketches\FDC9FEE58E9B3DD09A6C1DB9684E992E/..\..\cores\arduino_samd_arduino_zero_edbg_26de0d3990a796a533e3a60fba950730\core.a(Uart.cpp.o)
                0x00003f4a                Uart::extractNbStopBit(unsigned short)
 .text._ZN4Uart15extractCharSizeEt
                0x00003f56       0x28 C:\Users\Suraj\AppData\Local\Temp\arduino\sketches\FDC9FEE58E9B3DD09A6C1DB9684E992E/..\..\cores\arduino_samd_arduino_zero_edbg_26de0d3990a796a533e3a60fba950730\core.a(Uart.cpp.o)
                0x00003f56                Uart::extractCharSize(unsigned short)
 .text._ZN4Uart13extractParityEt
                0x00003f7e       0x14 C:\Users\Suraj\AppData\Local\Temp\arduino\sketches\FDC9FEE58E9B3DD09A6C1DB9684E992E/..\..\cores\arduino_samd_arduino_zero_edbg_26de0d3990a796a533e3a60fba950730\core.a(Uart.cpp.o)
                0x00003f7e                Uart::extractParity(unsigned short)
 *fill*         0x00003f92        0x2 
 .text._ZN4Uart5beginEmt
                0x00003f94       0xf8 C:\Users\Suraj\AppData\Local\Temp\arduino\sketches\FDC9FEE58E9B3DD09A6C1DB9684E992E/..\..\cores\arduino_samd_arduino_zero_edbg_26de0d3990a796a533e3a60fba950730\core.a(Uart.cpp.o)
                0x00003f94                Uart::begin(unsigned long, unsigned short)
 .text._ZN7arduino11RingBufferNILi256EEC2Ev
                0x0000408c       0x1e C:\Users\Suraj\AppData\Local\Temp\arduino\sketches\FDC9FEE58E9B3DD09A6C1DB9684E992E/..\..\cores\arduino_samd_arduino_zero_edbg_26de0d3990a796a533e3a60fba950730\core.a(Uart.cpp.o)
                0x0000408c                arduino::RingBufferN<256>::RingBufferN()
                0x0000408c                arduino::RingBufferN<256>::RingBufferN()
 *fill*         0x000040aa        0x2 
 .text._ZN4UartC2EP6SERCOMhh11SercomRXPad15SercomUartTXPad
                0x000040ac       0x74 C:\Users\Suraj\AppData\Local\Temp\arduino\sketches\FDC9FEE58E9B3DD09A6C1DB9684E992E/..\..\cores\arduino_samd_arduino_zero_edbg_26de0d3990a796a533e3a60fba950730\core.a(Uart.cpp.o)
                0x000040ac                Uart::Uart(SERCOM*, unsigned char, unsigned char, SercomRXPad, SercomUartTXPad)
                0x000040ac                Uart::Uart(SERCOM*, unsigned char, unsigned char, SercomRXPad, SercomUartTXPad)
 .text._ZN7arduino15SafeRingBufferNILi256EE10store_charEh
                0x00004120       0x4a C:\Users\Suraj\AppData\Local\Temp\arduino\sketches\FDC9FEE58E9B3DD09A6C1DB9684E992E/..\..\cores\arduino_samd_arduino_zero_edbg_26de0d3990a796a533e3a60fba950730\core.a(Uart.cpp.o)
                0x00004120                arduino::SafeRingBufferN<256>::store_char(unsigned char)
 .text._ZN7arduino15SafeRingBufferNILi256EE9read_charEv
                0x0000416a       0x50 C:\Users\Suraj\AppData\Local\Temp\arduino\sketches\FDC9FEE58E9B3DD09A6C1DB9684E992E/..\..\cores\arduino_samd_arduino_zero_edbg_26de0d3990a796a533e3a60fba950730\core.a(Uart.cpp.o)
                0x0000416a                arduino::SafeRingBufferN<256>::read_char()
 .text._ZN4Uart10IrqHandlerEv
                0x000041ba       0xa4 C:\Users\Suraj\AppData\Local\Temp\arduino\sketches\FDC9FEE58E9B3DD09A6C1DB9684E992E/..\..\cores\arduino_samd_arduino_zero_edbg_26de0d3990a796a533e3a60fba950730\core.a(Uart.cpp.o)
                0x000041ba                Uart::IrqHandler()
 *fill*         0x0000425e        0x2 
 .text._ZN4Uart5writeEh
                0x00004260       0x9c C:\Users\Suraj\AppData\Local\Temp\arduino\sketches\FDC9FEE58E9B3DD09A6C1DB9684E992E/..\..\cores\arduino_samd_arduino_zero_edbg_26de0d3990a796a533e3a60fba950730\core.a(Uart.cpp.o)
                0x00004260                Uart::write(unsigned char)
 .text._ZN4Uart4readEv
                0x000042fc       0x34 C:\Users\Suraj\AppData\Local\Temp\arduino\sketches\FDC9FEE58E9B3DD09A6C1DB9684E992E/..\..\cores\arduino_samd_arduino_zero_edbg_26de0d3990a796a533e3a60fba950730\core.a(Uart.cpp.o)
                0x000042fc                Uart::read()
 .text.attachInterrupt
                0x00004330      0x130 C:\Users\Suraj\AppData\Local\Temp\arduino\sketches\FDC9FEE58E9B3DD09A6C1DB9684E992E/..\..\cores\arduino_samd_arduino_zero_edbg_26de0d3990a796a533e3a60fba950730\core.a(WInterrupts.c.o)
                0x00004330                attachInterrupt
 .text.detachInterrupt
                0x00004460       0x74 C:\Users\Suraj\AppData\Local\Temp\arduino\sketches\FDC9FEE58E9B3DD09A6C1DB9684E992E/..\..\cores\arduino_samd_arduino_zero_edbg_26de0d3990a796a533e3a60fba950730\core.a(WInterrupts.c.o)
                0x00004460                detachInterrupt
 .text.EIC_Handler
                0x000044d4       0x3c C:\Users\Suraj\AppData\Local\Temp\arduino\sketches\FDC9FEE58E9B3DD09A6C1DB9684E992E/..\..\cores\arduino_samd_arduino_zero_edbg_26de0d3990a796a533e3a60fba950730\core.a(WInterrupts.c.o)
                0x000044d4                EIC_Handler
 .text._ZN7arduino5Print5writeEPKhj
                0x00004510       0x28 C:\Users\Suraj\AppData\Local\Temp\arduino\sketches\FDC9FEE58E9B3DD09A6C1DB9684E992E/..\..\cores\arduino_samd_arduino_zero_edbg_26de0d3990a796a533e3a60fba950730\core.a(Print.cpp.o)
                0x00004510                arduino::Print::write(unsigned char const*, unsigned int)
 .text._ZN7arduino5Print5writeEPKc.part.2
                0x00004538       0x1a C:\Users\Suraj\AppData\Local\Temp\arduino\sketches\FDC9FEE58E9B3DD09A6C1DB9684E992E/..\..\cores\arduino_samd_arduino_zero_edbg_26de0d3990a796a533e3a60fba950730\core.a(Print.cpp.o)
 .text._ZN7arduino5Print5writeEPKc
                0x00004552       0x10 C:\Users\Suraj\AppData\Local\Temp\arduino\sketches\FDC9FEE58E9B3DD09A6C1DB9684E992E/..\..\cores\arduino_samd_arduino_zero_edbg_26de0d3990a796a533e3a60fba950730\core.a(Print.cpp.o)
                0x00004552                arduino::Print::write(char const*)
 .text._ZN7arduino5Print5printEPKNS_19__FlashStringHelperE
                0x00004562        0x8 C:\Users\Suraj\AppData\Local\Temp\arduino\sketches\FDC9FEE58E9B3DD09A6C1DB9684E992E/..\..\cores\arduino_samd_arduino_zero_edbg_26de0d3990a796a533e3a60fba950730\core.a(Print.cpp.o)
                0x00004562                arduino::Print::print(arduino::__FlashStringHelper const*)
 .text._ZN7arduino5Print5printERKNS_6StringE
                0x0000456a        0xe C:\Users\Suraj\AppData\Local\Temp\arduino\sketches\FDC9FEE58E9B3DD09A6C1DB9684E992E/..\..\cores\arduino_samd_arduino_zero_edbg_26de0d3990a796a533e3a60fba950730\core.a(Print.cpp.o)
                0x0000456a                arduino::Print::print(arduino::String const&)
 .text._ZN7arduino5Print5printEPKc
                0x00004578        0x8 C:\Users\Suraj\AppData\Local\Temp\arduino\sketches\FDC9FEE58E9B3DD09A6C1DB9684E992E/..\..\cores\arduino_samd_arduino_zero_edbg_26de0d3990a796a533e3a60fba950730\core.a(Print.cpp.o)
                0x00004578                arduino::Print::print(char const*)
 .text._ZN7arduino5Print5printEc
                0x00004580        0xa C:\Users\Suraj\AppData\Local\Temp\arduino\sketches\FDC9FEE58E9B3DD09A6C1DB9684E992E/..\..\cores\arduino_samd_arduino_zero_edbg_26de0d3990a796a533e3a60fba950730\core.a(Print.cpp.o)
                0x00004580                arduino::Print::print(char)
 *fill*         0x0000458a        0x2 
 .text._ZN7arduino5Print7printlnEv
                0x0000458c       0x10 C:\Users\Suraj\AppData\Local\Temp\arduino\sketches\FDC9FEE58E9B3DD09A6C1DB9684E992E/..\..\cores\arduino_samd_arduino_zero_edbg_26de0d3990a796a533e3a60fba950730\core.a(Print.cpp.o)
                0x0000458c                arduino::Print::println()
 .text._ZN7arduino5Print7printlnEPKc
                0x0000459c       0x14 C:\Users\Suraj\AppData\Local\Temp\arduino\sketches\FDC9FEE58E9B3DD09A6C1DB9684E992E/..\..\cores\arduino_samd_arduino_zero_edbg_26de0d3990a796a533e3a60fba950730\core.a(Print.cpp.o)
                0x0000459c                arduino::Print::println(char const*)
 .text._ZN7arduino5Print11printNumberEmh
                0x000045b0       0x48 C:\Users\Suraj\AppData\Local\Temp\arduino\sketches\FDC9FEE58E9B3DD09A6C1DB9684E992E/..\..\cores\arduino_samd_arduino_zero_edbg_26de0d3990a796a533e3a60fba950730\core.a(Print.cpp.o)
                0x000045b0                arduino::Print::printNumber(unsigned long, unsigned char)
 .text._ZN7arduino5Print5printEli
                0x000045f8       0x3e C:\Users\Suraj\AppData\Local\Temp\arduino\sketches\FDC9FEE58E9B3DD09A6C1DB9684E992E/..\..\cores\arduino_samd_arduino_zero_edbg_26de0d3990a796a533e3a60fba950730\core.a(Print.cpp.o)
                0x000045f8                arduino::Print::print(long, int)
 .text._ZN7arduino5Print5printEii
                0x00004636        0x8 C:\Users\Suraj\AppData\Local\Temp\arduino\sketches\FDC9FEE58E9B3DD09A6C1DB9684E992E/..\..\cores\arduino_samd_arduino_zero_edbg_26de0d3990a796a533e3a60fba950730\core.a(Print.cpp.o)
                0x00004636                arduino::Print::print(int, int)
 .text._ZN7arduino6StringD2Ev
                0x0000463e       0x12 C:\Users\Suraj\AppData\Local\Temp\arduino\sketches\FDC9FEE58E9B3DD09A6C1DB9684E992E/..\..\cores\arduino_samd_arduino_zero_edbg_26de0d3990a796a533e3a60fba950730\core.a(String.cpp.o)
                0x0000463e                arduino::String::~String()
                0x0000463e                arduino::String::~String()
 .text._ZN7arduino6String10invalidateEv
                0x00004650       0x18 C:\Users\Suraj\AppData\Local\Temp\arduino\sketches\FDC9FEE58E9B3DD09A6C1DB9684E992E/..\..\cores\arduino_samd_arduino_zero_edbg_26de0d3990a796a533e3a60fba950730\core.a(String.cpp.o)
                0x00004650                arduino::String::invalidate()
 .text._ZN7arduino6String12changeBufferEj
                0x00004668       0x18 C:\Users\Suraj\AppData\Local\Temp\arduino\sketches\FDC9FEE58E9B3DD09A6C1DB9684E992E/..\..\cores\arduino_samd_arduino_zero_edbg_26de0d3990a796a533e3a60fba950730\core.a(String.cpp.o)
                0x00004668                arduino::String::changeBuffer(unsigned int)
 .text._ZN7arduino6String7reserveEj
                0x00004680       0x2a C:\Users\Suraj\AppData\Local\Temp\arduino\sketches\FDC9FEE58E9B3DD09A6C1DB9684E992E/..\..\cores\arduino_samd_arduino_zero_edbg_26de0d3990a796a533e3a60fba950730\core.a(String.cpp.o)
                0x00004680                arduino::String::reserve(unsigned int)
 .text._ZN7arduino6String4copyEPKcj
                0x000046aa       0x32 C:\Users\Suraj\AppData\Local\Temp\arduino\sketches\FDC9FEE58E9B3DD09A6C1DB9684E992E/..\..\cores\arduino_samd_arduino_zero_edbg_26de0d3990a796a533e3a60fba950730\core.a(String.cpp.o)
                0x000046aa                arduino::String::copy(char const*, unsigned int)
 .text._ZN7arduino6StringC2EPKc
                0x000046dc       0x26 C:\Users\Suraj\AppData\Local\Temp\arduino\sketches\FDC9FEE58E9B3DD09A6C1DB9684E992E/..\..\cores\arduino_samd_arduino_zero_edbg_26de0d3990a796a533e3a60fba950730\core.a(String.cpp.o)
                0x000046dc                arduino::String::String(char const*)
                0x000046dc                arduino::String::String(char const*)
 .text.Dummy_Handler
                0x00004702        0x2 C:\Users\Suraj\AppData\Local\Temp\arduino\sketches\FDC9FEE58E9B3DD09A6C1DB9684E992E/..\..\cores\arduino_samd_arduino_zero_edbg_26de0d3990a796a533e3a60fba950730\core.a(cortex_handlers.c.o)
                0x00004702                DMAC_Handler
                0x00004702                HardFault_Handler
                0x00004702                AC_Handler
                0x00004702                PendSV_Handler
                0x00004702                NMI_Handler
                0x00004702                TC7_Handler
                0x00004702                SERCOM1_Handler
                0x00004702                ADC_Handler
                0x00004702                TCC1_Handler
                0x00004702                SERCOM2_Handler
                0x00004702                TCC0_Handler
                0x00004702                RTC_Handler
                0x00004702                TC6_Handler
                0x00004702                WDT_Handler
                0x00004702                TC4_Handler
                0x00004702                TC3_Handler
                0x00004702                Dummy_Handler
                0x00004702                PM_Handler
                0x00004702                SVC_Handler
                0x00004702                TCC2_Handler
                0x00004702                EVSYS_Handler
                0x00004702                SERCOM4_Handler
                0x00004702                I2S_Handler
                0x00004702                NVMCTRL_Handler
                0x00004702                DAC_Handler
                0x00004702                PTC_Handler
                0x00004702                SYSCTRL_Handler
 .text.USB_Handler
                0x00004704       0x14 C:\Users\Suraj\AppData\Local\Temp\arduino\sketches\FDC9FEE58E9B3DD09A6C1DB9684E992E/..\..\cores\arduino_samd_arduino_zero_edbg_26de0d3990a796a533e3a60fba950730\core.a(cortex_handlers.c.o)
                0x00004704                USB_Handler
 .text.Reset_Handler
                0x00004718       0x54 C:\Users\Suraj\AppData\Local\Temp\arduino\sketches\FDC9FEE58E9B3DD09A6C1DB9684E992E/..\..\cores\arduino_samd_arduino_zero_edbg_26de0d3990a796a533e3a60fba950730\core.a(cortex_handlers.c.o)
                0x00004718                Reset_Handler
 .text.SysTick_Handler
                0x0000476c       0x10 C:\Users\Suraj\AppData\Local\Temp\arduino\sketches\FDC9FEE58E9B3DD09A6C1DB9684E992E/..\..\cores\arduino_samd_arduino_zero_edbg_26de0d3990a796a533e3a60fba950730\core.a(cortex_handlers.c.o)
                0x0000476c                SysTick_Handler
 .text.USB_SetHandler
                0x0000477c        0xc C:\Users\Suraj\AppData\Local\Temp\arduino\sketches\FDC9FEE58E9B3DD09A6C1DB9684E992E/..\..\cores\arduino_samd_arduino_zero_edbg_26de0d3990a796a533e3a60fba950730\core.a(cortex_handlers.c.o)
                0x0000477c                USB_SetHandler
 .text.millis   0x00004788        0xc C:\Users\Suraj\AppData\Local\Temp\arduino\sketches\FDC9FEE58E9B3DD09A6C1DB9684E992E/..\..\cores\arduino_samd_arduino_zero_edbg_26de0d3990a796a533e3a60fba950730\core.a(delay.c.o)
                0x00004788                millis
 .text.micros   0x00004794       0x60 C:\Users\Suraj\AppData\Local\Temp\arduino\sketches\FDC9FEE58E9B3DD09A6C1DB9684E992E/..\..\cores\arduino_samd_arduino_zero_edbg_26de0d3990a796a533e3a60fba950730\core.a(delay.c.o)
                0x00004794                micros
 .text.delay    0x000047f4       0x30 C:\Users\Suraj\AppData\Local\Temp\arduino\sketches\FDC9FEE58E9B3DD09A6C1DB9684E992E/..\..\cores\arduino_samd_arduino_zero_edbg_26de0d3990a796a533e3a60fba950730\core.a(delay.c.o)
                0x000047f4                delay
 .text.resetExternalChip
                0x00004824        0x2 C:\Users\Suraj\AppData\Local\Temp\arduino\sketches\FDC9FEE58E9B3DD09A6C1DB9684E992E/..\..\cores\arduino_samd_arduino_zero_edbg_26de0d3990a796a533e3a60fba950730\core.a(delay.c.o)
                0x00004824                resetExternalChip
 *fill*         0x00004826        0x2 
 .text.SysTick_DefaultHandler
                0x00004828       0x14 C:\Users\Suraj\AppData\Local\Temp\arduino\sketches\FDC9FEE58E9B3DD09A6C1DB9684E992E/..\..\cores\arduino_samd_arduino_zero_edbg_26de0d3990a796a533e3a60fba950730\core.a(delay.c.o)
                0x00004828                SysTick_DefaultHandler
 .text.delayMicroseconds
                0x0000483c       0x16 C:\Users\Suraj\AppData\Local\Temp\arduino\sketches\FDC9FEE58E9B3DD09A6C1DB9684E992E/..\..\cores\arduino_samd_arduino_zero_edbg_26de0d3990a796a533e3a60fba950730\core.a(delay.c.o)
                0x0000483c                delayMicroseconds
 .text.__empty  0x00004852        0x2 C:\Users\Suraj\AppData\Local\Temp\arduino\sketches\FDC9FEE58E9B3DD09A6C1DB9684E992E/..\..\cores\arduino_samd_arduino_zero_edbg_26de0d3990a796a533e3a60fba950730\core.a(hooks.c.o)
                0x00004852                yield
 .text.__false  0x00004854        0x4 C:\Users\Suraj\AppData\Local\Temp\arduino\sketches\FDC9FEE58E9B3DD09A6C1DB9684E992E/..\..\cores\arduino_samd_arduino_zero_edbg_26de0d3990a796a533e3a60fba950730\core.a(hooks.c.o)
                0x00004854                sysTickHook
 .text.initVariant
                0x00004858        0x2 C:\Users\Suraj\AppData\Local\Temp\arduino\sketches\FDC9FEE58E9B3DD09A6C1DB9684E992E/..\..\cores\arduino_samd_arduino_zero_edbg_26de0d3990a796a533e3a60fba950730\core.a(main.cpp.o)
                0x00004858                initVariant
 *fill*         0x0000485a        0x2 
 .text.startup.main
                0x0000485c       0x40 C:\Users\Suraj\AppData\Local\Temp\arduino\sketches\FDC9FEE58E9B3DD09A6C1DB9684E992E/..\..\cores\arduino_samd_arduino_zero_edbg_26de0d3990a796a533e3a60fba950730\core.a(main.cpp.o)
                0x0000485c                main
 .text.SystemInit
                0x0000489c      0x160 C:\Users\Suraj\AppData\Local\Temp\arduino\sketches\FDC9FEE58E9B3DD09A6C1DB9684E992E/..\..\cores\arduino_samd_arduino_zero_edbg_26de0d3990a796a533e3a60fba950730\core.a(startup.c.o)
                0x0000489c                SystemInit
 .text.init     0x000049fc       0xf0 C:\Users\Suraj\AppData\Local\Temp\arduino\sketches\FDC9FEE58E9B3DD09A6C1DB9684E992E/..\..\cores\arduino_samd_arduino_zero_edbg_26de0d3990a796a533e3a60fba950730\core.a(wiring.c.o)
                0x000049fc                init
 .text.mapResolution
                0x00004aec       0x12 C:\Users\Suraj\AppData\Local\Temp\arduino\sketches\FDC9FEE58E9B3DD09A6C1DB9684E992E/..\..\cores\arduino_samd_arduino_zero_edbg_26de0d3990a796a533e3a60fba950730\core.a(wiring_analog.c.o)
 *fill*         0x00004afe        0x2 
 .text.analogReference
                0x00004b00       0x64 C:\Users\Suraj\AppData\Local\Temp\arduino\sketches\FDC9FEE58E9B3DD09A6C1DB9684E992E/..\..\cores\arduino_samd_arduino_zero_edbg_26de0d3990a796a533e3a60fba950730\core.a(wiring_analog.c.o)
                0x00004b00                analogReference
 .text.analogWrite
                0x00004b64      0x1d4 C:\Users\Suraj\AppData\Local\Temp\arduino\sketches\FDC9FEE58E9B3DD09A6C1DB9684E992E/..\..\cores\arduino_samd_arduino_zero_edbg_26de0d3990a796a533e3a60fba950730\core.a(wiring_analog.c.o)
                0x00004b64                analogWrite
 .text.pinMode  0x00004d38       0x98 C:\Users\Suraj\AppData\Local\Temp\arduino\sketches\FDC9FEE58E9B3DD09A6C1DB9684E992E/..\..\cores\arduino_samd_arduino_zero_edbg_26de0d3990a796a533e3a60fba950730\core.a(wiring_digital.c.o)
                0x00004d38                pinMode
 .text.digitalWrite
                0x00004dd0       0x58 C:\Users\Suraj\AppData\Local\Temp\arduino\sketches\FDC9FEE58E9B3DD09A6C1DB9684E992E/..\..\cores\arduino_samd_arduino_zero_edbg_26de0d3990a796a533e3a60fba950730\core.a(wiring_digital.c.o)
                0x00004dd0                digitalWrite
 .text.digitalRead
                0x00004e28       0x30 C:\Users\Suraj\AppData\Local\Temp\arduino\sketches\FDC9FEE58E9B3DD09A6C1DB9684E992E/..\..\cores\arduino_samd_arduino_zero_edbg_26de0d3990a796a533e3a60fba950730\core.a(wiring_digital.c.o)
                0x00004e28                digitalRead
 .text.pinPeripheral
                0x00004e58       0xc0 C:\Users\Suraj\AppData\Local\Temp\arduino\sketches\FDC9FEE58E9B3DD09A6C1DB9684E992E/..\..\cores\arduino_samd_arduino_zero_edbg_26de0d3990a796a533e3a60fba950730\core.a(wiring_private.c.o)
                0x00004e58                pinPeripheral
 .text.initiateReset
                0x00004f18       0x14 C:\Users\Suraj\AppData\Local\Temp\arduino\sketches\FDC9FEE58E9B3DD09A6C1DB9684E992E/..\..\cores\arduino_samd_arduino_zero_edbg_26de0d3990a796a533e3a60fba950730\core.a(Reset.cpp.o)
                0x00004f18                initiateReset
 .text.cancelReset
                0x00004f2c       0x10 C:\Users\Suraj\AppData\Local\Temp\arduino\sketches\FDC9FEE58E9B3DD09A6C1DB9684E992E/..\..\cores\arduino_samd_arduino_zero_edbg_26de0d3990a796a533e3a60fba950730\core.a(Reset.cpp.o)
                0x00004f2c                cancelReset
 .text.tickReset
                0x00004f3c       0x78 C:\Users\Suraj\AppData\Local\Temp\arduino\sketches\FDC9FEE58E9B3DD09A6C1DB9684E992E/..\..\cores\arduino_samd_arduino_zero_edbg_26de0d3990a796a533e3a60fba950730\core.a(Reset.cpp.o)
                0x00004f3c                tickReset
 .text._ZN26DoubleBufferedEPOutHandlerD2Ev
                0x00004fb4        0x2 C:\Users\Suraj\AppData\Local\Temp\arduino\sketches\FDC9FEE58E9B3DD09A6C1DB9684E992E/..\..\cores\arduino_samd_arduino_zero_edbg_26de0d3990a796a533e3a60fba950730\core.a(USBCore.cpp.o)
                0x00004fb4                DoubleBufferedEPOutHandler::~DoubleBufferedEPOutHandler()
                0x00004fb4                DoubleBufferedEPOutHandler::~DoubleBufferedEPOutHandler()
 .text._ZN26DoubleBufferedEPOutHandlerD0Ev
                0x00004fb6        0xc C:\Users\Suraj\AppData\Local\Temp\arduino\sketches\FDC9FEE58E9B3DD09A6C1DB9684E992E/..\..\cores\arduino_samd_arduino_zero_edbg_26de0d3990a796a533e3a60fba950730\core.a(USBCore.cpp.o)
                0x00004fb6                DoubleBufferedEPOutHandler::~DoubleBufferedEPOutHandler()
 *fill*         0x00004fc2        0x2 
 .text._ZN14USBDeviceClass6initEPEmm.part.7
                0x00004fc4       0xc4 C:\Users\Suraj\AppData\Local\Temp\arduino\sketches\FDC9FEE58E9B3DD09A6C1DB9684E992E/..\..\cores\arduino_samd_arduino_zero_edbg_26de0d3990a796a533e3a60fba950730\core.a(USBCore.cpp.o)
 .text._ZN7__GuardC2Ev
                0x00005088        0xe C:\Users\Suraj\AppData\Local\Temp\arduino\sketches\FDC9FEE58E9B3DD09A6C1DB9684E992E/..\..\cores\arduino_samd_arduino_zero_edbg_26de0d3990a796a533e3a60fba950730\core.a(USBCore.cpp.o)
                0x00005088                __Guard::__Guard()
                0x00005088                __Guard::__Guard()
 .text._ZNK26DoubleBufferedEPOutHandler10_availableEv
                0x00005096       0x70 C:\Users\Suraj\AppData\Local\Temp\arduino\sketches\FDC9FEE58E9B3DD09A6C1DB9684E992E/..\..\cores\arduino_samd_arduino_zero_edbg_26de0d3990a796a533e3a60fba950730\core.a(USBCore.cpp.o)
                0x00005096                DoubleBufferedEPOutHandler::_available() const
 *fill*         0x00005106        0x2 
 .text._ZN26DoubleBufferedEPOutHandler7releaseEv
                0x00005108       0x38 C:\Users\Suraj\AppData\Local\Temp\arduino\sketches\FDC9FEE58E9B3DD09A6C1DB9684E992E/..\..\cores\arduino_samd_arduino_zero_edbg_26de0d3990a796a533e3a60fba950730\core.a(USBCore.cpp.o)
                0x00005108                DoubleBufferedEPOutHandler::release()
 .text._ZN26DoubleBufferedEPOutHandler14handleEndpointEv
                0x00005140       0xe2 C:\Users\Suraj\AppData\Local\Temp\arduino\sketches\FDC9FEE58E9B3DD09A6C1DB9684E992E/..\..\cores\arduino_samd_arduino_zero_edbg_26de0d3990a796a533e3a60fba950730\core.a(USBCore.cpp.o)
                0x00005140                DoubleBufferedEPOutHandler::handleEndpoint()
 .text._ZN14USBDeviceClass14SendInterfacesEPm
                0x00005222       0x20 C:\Users\Suraj\AppData\Local\Temp\arduino\sketches\FDC9FEE58E9B3DD09A6C1DB9684E992E/..\..\cores\arduino_samd_arduino_zero_edbg_26de0d3990a796a533e3a60fba950730\core.a(USBCore.cpp.o)
                0x00005222                USBDeviceClass::SendInterfaces(unsigned long*)
 *fill*         0x00005242        0x2 
 .text._ZN14USBDeviceClass6attachEv
                0x00005244       0x34 C:\Users\Suraj\AppData\Local\Temp\arduino\sketches\FDC9FEE58E9B3DD09A6C1DB9684E992E/..\..\cores\arduino_samd_arduino_zero_edbg_26de0d3990a796a533e3a60fba950730\core.a(USBCore.cpp.o)
                0x00005244                USBDeviceClass::attach()
 .text._ZN14USBDeviceClass10setAddressEm
                0x00005278       0x48 C:\Users\Suraj\AppData\Local\Temp\arduino\sketches\FDC9FEE58E9B3DD09A6C1DB9684E992E/..\..\cores\arduino_samd_arduino_zero_edbg_26de0d3990a796a533e3a60fba950730\core.a(USBCore.cpp.o)
                0x00005278                USBDeviceClass::setAddress(unsigned long)
 .text._ZN14USBDeviceClass25handleClassInterfaceSetupERN7arduino8USBSetupE
                0x000052c0       0x24 C:\Users\Suraj\AppData\Local\Temp\arduino\sketches\FDC9FEE58E9B3DD09A6C1DB9684E992E/..\..\cores\arduino_samd_arduino_zero_edbg_26de0d3990a796a533e3a60fba950730\core.a(USBCore.cpp.o)
                0x000052c0                USBDeviceClass::handleClassInterfaceSetup(arduino::USBSetup&)
 .text._ZN14USBDeviceClass6initEPEmm
                0x000052e4      0x10c C:\Users\Suraj\AppData\Local\Temp\arduino\sketches\FDC9FEE58E9B3DD09A6C1DB9684E992E/..\..\cores\arduino_samd_arduino_zero_edbg_26de0d3990a796a533e3a60fba950730\core.a(USBCore.cpp.o)
                0x000052e4                USBDeviceClass::initEP(unsigned long, unsigned long)
 .text._ZN14USBDeviceClass13initEndpointsEv
                0x000053f0       0x24 C:\Users\Suraj\AppData\Local\Temp\arduino\sketches\FDC9FEE58E9B3DD09A6C1DB9684E992E/..\..\cores\arduino_samd_arduino_zero_edbg_26de0d3990a796a533e3a60fba950730\core.a(USBCore.cpp.o)
                0x000053f0                USBDeviceClass::initEndpoints()
 .text._ZN14USBDeviceClass5clearEm
                0x00005414       0x38 C:\Users\Suraj\AppData\Local\Temp\arduino\sketches\FDC9FEE58E9B3DD09A6C1DB9684E992E/..\..\cores\arduino_samd_arduino_zero_edbg_26de0d3990a796a533e3a60fba950730\core.a(USBCore.cpp.o)
                0x00005414                USBDeviceClass::clear(unsigned long)
 .text._ZN14USBDeviceClass9availableEm
                0x0000544c       0x2c C:\Users\Suraj\AppData\Local\Temp\arduino\sketches\FDC9FEE58E9B3DD09A6C1DB9684E992E/..\..\cores\arduino_samd_arduino_zero_edbg_26de0d3990a796a533e3a60fba950730\core.a(USBCore.cpp.o)
                0x0000544c                USBDeviceClass::available(unsigned long)
 .text._ZN14USBDeviceClass5flushEm
                0x00005478       0x2c C:\Users\Suraj\AppData\Local\Temp\arduino\sketches\FDC9FEE58E9B3DD09A6C1DB9684E992E/..\..\cores\arduino_samd_arduino_zero_edbg_26de0d3990a796a533e3a60fba950730\core.a(USBCore.cpp.o)
                0x00005478                USBDeviceClass::flush(unsigned long)
 .text._ZN14USBDeviceClass4recvEmPvm
                0x000054a4       0xdc C:\Users\Suraj\AppData\Local\Temp\arduino\sketches\FDC9FEE58E9B3DD09A6C1DB9684E992E/..\..\cores\arduino_samd_arduino_zero_edbg_26de0d3990a796a533e3a60fba950730\core.a(USBCore.cpp.o)
                0x000054a4                USBDeviceClass::recv(unsigned long, void*, unsigned long)
 .text._ZN14USBDeviceClass4recvEm
                0x00005580       0x1c C:\Users\Suraj\AppData\Local\Temp\arduino\sketches\FDC9FEE58E9B3DD09A6C1DB9684E992E/..\..\cores\arduino_samd_arduino_zero_edbg_26de0d3990a796a533e3a60fba950730\core.a(USBCore.cpp.o)
                0x00005580                USBDeviceClass::recv(unsigned long)
 .text._ZN14USBDeviceClass14armRecvCtrlOUTEm
                0x0000559c       0x5c C:\Users\Suraj\AppData\Local\Temp\arduino\sketches\FDC9FEE58E9B3DD09A6C1DB9684E992E/..\..\cores\arduino_samd_arduino_zero_edbg_26de0d3990a796a533e3a60fba950730\core.a(USBCore.cpp.o)
                0x0000559c                USBDeviceClass::armRecvCtrlOUT(unsigned long)
 .text._ZN14USBDeviceClass11recvControlEPvm
                0x000055f8       0x28 C:\Users\Suraj\AppData\Local\Temp\arduino\sketches\FDC9FEE58E9B3DD09A6C1DB9684E992E/..\..\cores\arduino_samd_arduino_zero_edbg_26de0d3990a796a533e3a60fba950730\core.a(USBCore.cpp.o)
                0x000055f8                USBDeviceClass::recvControl(void*, unsigned long)
 .text._ZN14USBDeviceClass4sendEmPKvm
                0x00005620      0x124 C:\Users\Suraj\AppData\Local\Temp\arduino\sketches\FDC9FEE58E9B3DD09A6C1DB9684E992E/..\..\cores\arduino_samd_arduino_zero_edbg_26de0d3990a796a533e3a60fba950730\core.a(USBCore.cpp.o)
                0x00005620                USBDeviceClass::send(unsigned long, void const*, unsigned long)
 .text._ZN14USBDeviceClass7armSendEmPKvm
                0x00005744       0x48 C:\Users\Suraj\AppData\Local\Temp\arduino\sketches\FDC9FEE58E9B3DD09A6C1DB9684E992E/..\..\cores\arduino_samd_arduino_zero_edbg_26de0d3990a796a533e3a60fba950730\core.a(USBCore.cpp.o)
                0x00005744                USBDeviceClass::armSend(unsigned long, void const*, unsigned long)
 .text._ZN14USBDeviceClass11sendControlEPKvm
                0x0000578c       0x54 C:\Users\Suraj\AppData\Local\Temp\arduino\sketches\FDC9FEE58E9B3DD09A6C1DB9684E992E/..\..\cores\arduino_samd_arduino_zero_edbg_26de0d3990a796a533e3a60fba950730\core.a(USBCore.cpp.o)
                0x0000578c                USBDeviceClass::sendControl(void const*, unsigned long)
 .text._ZN14USBDeviceClass20sendStringDescriptorEPKhm
                0x000057e0       0x64 C:\Users\Suraj\AppData\Local\Temp\arduino\sketches\FDC9FEE58E9B3DD09A6C1DB9684E992E/..\..\cores\arduino_samd_arduino_zero_edbg_26de0d3990a796a533e3a60fba950730\core.a(USBCore.cpp.o)
                0x000057e0                USBDeviceClass::sendStringDescriptor(unsigned char const*, unsigned long)
 .text._ZN14USBDeviceClass17sendConfigurationEm
                0x00005844       0x80 C:\Users\Suraj\AppData\Local\Temp\arduino\sketches\FDC9FEE58E9B3DD09A6C1DB9684E992E/..\..\cores\arduino_samd_arduino_zero_edbg_26de0d3990a796a533e3a60fba950730\core.a(USBCore.cpp.o)
                0x00005844                USBDeviceClass::sendConfiguration(unsigned long)
 .text._ZN14USBDeviceClass14sendDescriptorERN7arduino8USBSetupE
                0x000058c4       0xd8 C:\Users\Suraj\AppData\Local\Temp\arduino\sketches\FDC9FEE58E9B3DD09A6C1DB9684E992E/..\..\cores\arduino_samd_arduino_zero_edbg_26de0d3990a796a533e3a60fba950730\core.a(USBCore.cpp.o)
                0x000058c4                USBDeviceClass::sendDescriptor(arduino::USBSetup&)
 .text._ZN14USBDeviceClass7sendZlpEm
                0x0000599c       0x18 C:\Users\Suraj\AppData\Local\Temp\arduino\sketches\FDC9FEE58E9B3DD09A6C1DB9684E992E/..\..\cores\arduino_samd_arduino_zero_edbg_26de0d3990a796a533e3a60fba950730\core.a(USBCore.cpp.o)
                0x0000599c                USBDeviceClass::sendZlp(unsigned long)
 .text._ZN14USBDeviceClass19handleStandardSetupERN7arduino8USBSetupE
                0x000059b4       0xf0 C:\Users\Suraj\AppData\Local\Temp\arduino\sketches\FDC9FEE58E9B3DD09A6C1DB9684E992E/..\..\cores\arduino_samd_arduino_zero_edbg_26de0d3990a796a533e3a60fba950730\core.a(USBCore.cpp.o)
                0x000059b4                USBDeviceClass::handleStandardSetup(arduino::USBSetup&)
 .text._ZN14USBDeviceClass10ISRHandlerEv
                0x00005aa4      0x150 C:\Users\Suraj\AppData\Local\Temp\arduino\sketches\FDC9FEE58E9B3DD09A6C1DB9684E992E/..\..\cores\arduino_samd_arduino_zero_edbg_26de0d3990a796a533e3a60fba950730\core.a(USBCore.cpp.o)
                0x00005aa4                USBDeviceClass::ISRHandler()
 .text.UDD_Handler
                0x00005bf4       0x10 C:\Users\Suraj\AppData\Local\Temp\arduino\sketches\FDC9FEE58E9B3DD09A6C1DB9684E992E/..\..\cores\arduino_samd_arduino_zero_edbg_26de0d3990a796a533e3a60fba950730\core.a(USBCore.cpp.o)
                0x00005bf4                UDD_Handler
 .text._ZN7arduino13PluggableUSB_C2Ev
                0x00005c04       0x10 C:\Users\Suraj\AppData\Local\Temp\arduino\sketches\FDC9FEE58E9B3DD09A6C1DB9684E992E/..\..\cores\arduino_samd_arduino_zero_edbg_26de0d3990a796a533e3a60fba950730\core.a(USBCore.cpp.o)
                0x00005c04                arduino::PluggableUSB_::PluggableUSB_()
                0x00005c04                arduino::PluggableUSB_::PluggableUSB_()
 .text._Z8epBufferj
                0x00005c14        0xc C:\Users\Suraj\AppData\Local\Temp\arduino\sketches\FDC9FEE58E9B3DD09A6C1DB9684E992E/..\..\cores\arduino_samd_arduino_zero_edbg_26de0d3990a796a533e3a60fba950730\core.a(USBCore.cpp.o)
                0x00005c14                epBuffer(unsigned int)
 .text._ZN7arduino11RingBufferNILi64EE10store_charEh
                0x00005c20       0x1c C:\Users\Suraj\AppData\Local\Temp\arduino\sketches\FDC9FEE58E9B3DD09A6C1DB9684E992E/..\..\cores\arduino_samd_arduino_zero_edbg_26de0d3990a796a533e3a60fba950730\core.a(USBCore.cpp.o)
                0x00005c20                arduino::RingBufferN<64>::store_char(unsigned char)
 .text._ZN26DoubleBufferedEPOutHandler5_recvEv
                0x00005c3c      0x15e C:\Users\Suraj\AppData\Local\Temp\arduino\sketches\FDC9FEE58E9B3DD09A6C1DB9684E992E/..\..\cores\arduino_samd_arduino_zero_edbg_26de0d3990a796a533e3a60fba950730\core.a(USBCore.cpp.o)
                0x00005c3c                DoubleBufferedEPOutHandler::_recv()
 .text._ZN26DoubleBufferedEPOutHandler9availableEv
                0x00005d9a        0xc C:\Users\Suraj\AppData\Local\Temp\arduino\sketches\FDC9FEE58E9B3DD09A6C1DB9684E992E/..\..\cores\arduino_samd_arduino_zero_edbg_26de0d3990a796a533e3a60fba950730\core.a(USBCore.cpp.o)
                0x00005d9a                DoubleBufferedEPOutHandler::available()
 .text._ZN26DoubleBufferedEPOutHandler4peekEv
                0x00005da6       0x1c C:\Users\Suraj\AppData\Local\Temp\arduino\sketches\FDC9FEE58E9B3DD09A6C1DB9684E992E/..\..\cores\arduino_samd_arduino_zero_edbg_26de0d3990a796a533e3a60fba950730\core.a(USBCore.cpp.o)
                0x00005da6                DoubleBufferedEPOutHandler::peek()
 .text._ZN26DoubleBufferedEPOutHandler4recvEPvm
                0x00005dc2       0x60 C:\Users\Suraj\AppData\Local\Temp\arduino\sketches\FDC9FEE58E9B3DD09A6C1DB9684E992E/..\..\cores\arduino_samd_arduino_zero_edbg_26de0d3990a796a533e3a60fba950730\core.a(USBCore.cpp.o)
                0x00005dc2                DoubleBufferedEPOutHandler::recv(void*, unsigned long)
 *fill*         0x00005e22        0x2 
 .text.startup._GLOBAL__sub_I_usbd
                0x00005e24       0x10 C:\Users\Suraj\AppData\Local\Temp\arduino\sketches\FDC9FEE58E9B3DD09A6C1DB9684E992E/..\..\cores\arduino_samd_arduino_zero_edbg_26de0d3990a796a533e3a60fba950730\core.a(USBCore.cpp.o)
 .text._ZN14USBDeviceClass4initEv
                0x00005e34      0x18c C:\Users\Suraj\AppData\Local\Temp\arduino\sketches\FDC9FEE58E9B3DD09A6C1DB9684E992E/..\..\cores\arduino_samd_arduino_zero_edbg_26de0d3990a796a533e3a60fba950730\core.a(USBCore.cpp.o)
                0x00005e34                USBDeviceClass::init()
 .text._ZN7arduino13PluggableUSB_12getInterfaceEPh
                0x00005fc0       0x28 C:\Users\Suraj\AppData\Local\Temp\arduino\sketches\FDC9FEE58E9B3DD09A6C1DB9684E992E/..\..\cores\arduino_samd_arduino_zero_edbg_26de0d3990a796a533e3a60fba950730\core.a(PluggableUSB.cpp.o)
                0x00005fc0                arduino::PluggableUSB_::getInterface(unsigned char*)
 .text._ZN7arduino13PluggableUSB_13getDescriptorERNS_8USBSetupE
                0x00005fe8       0x20 C:\Users\Suraj\AppData\Local\Temp\arduino\sketches\FDC9FEE58E9B3DD09A6C1DB9684E992E/..\..\cores\arduino_samd_arduino_zero_edbg_26de0d3990a796a533e3a60fba950730\core.a(PluggableUSB.cpp.o)
                0x00005fe8                arduino::PluggableUSB_::getDescriptor(arduino::USBSetup&)
 .text._ZN7arduino13PluggableUSB_12getShortNameEPc
                0x00006008       0x1e C:\Users\Suraj\AppData\Local\Temp\arduino\sketches\FDC9FEE58E9B3DD09A6C1DB9684E992E/..\..\cores\arduino_samd_arduino_zero_edbg_26de0d3990a796a533e3a60fba950730\core.a(PluggableUSB.cpp.o)
                0x00006008                arduino::PluggableUSB_::getShortName(char*)
 .text._ZN7arduino13PluggableUSB_5setupERNS_8USBSetupE
                0x00006026       0x20 C:\Users\Suraj\AppData\Local\Temp\arduino\sketches\FDC9FEE58E9B3DD09A6C1DB9684E992E/..\..\cores\arduino_samd_arduino_zero_edbg_26de0d3990a796a533e3a60fba950730\core.a(PluggableUSB.cpp.o)
                0x00006026                arduino::PluggableUSB_::setup(arduino::USBSetup&)
 .text._ZN7arduino13PluggableUSB_4plugEPNS_18PluggableUSBModuleE
                0x00006046       0x5c C:\Users\Suraj\AppData\Local\Temp\arduino\sketches\FDC9FEE58E9B3DD09A6C1DB9684E992E/..\..\cores\arduino_samd_arduino_zero_edbg_26de0d3990a796a533e3a60fba950730\core.a(PluggableUSB.cpp.o)
                0x00006046                arduino::PluggableUSB_::plug(arduino::PluggableUSBModule*)
 *fill*         0x000060a2        0x2 
 .text._Z12PluggableUSBv
                0x000060a4       0x24 C:\Users\Suraj\AppData\Local\Temp\arduino\sketches\FDC9FEE58E9B3DD09A6C1DB9684E992E/..\..\cores\arduino_samd_arduino_zero_edbg_26de0d3990a796a533e3a60fba950730\core.a(PluggableUSB.cpp.o)
                0x000060a4                PluggableUSB()
 .text._Znwj    0x000060c8        0x8 C:\Users\Suraj\AppData\Local\Temp\arduino\sketches\FDC9FEE58E9B3DD09A6C1DB9684E992E/..\..\cores\arduino_samd_arduino_zero_edbg_26de0d3990a796a533e3a60fba950730\core.a(new.cpp.o)
                0x000060c8                operator new(unsigned int)
 .text._ZdlPv   0x000060d0        0x8 C:\Users\Suraj\AppData\Local\Temp\arduino\sketches\FDC9FEE58E9B3DD09A6C1DB9684E992E/..\..\cores\arduino_samd_arduino_zero_edbg_26de0d3990a796a533e3a60fba950730\core.a(new.cpp.o)
                0x000060d0                operator delete(void*)
 .text._ZN7Serial_13getDescriptorERN7arduino8USBSetupE
                0x000060d8        0x4 C:\Users\Suraj\AppData\Local\Temp\arduino\sketches\FDC9FEE58E9B3DD09A6C1DB9684E992E/..\..\cores\arduino_samd_arduino_zero_edbg_26de0d3990a796a533e3a60fba950730\core.a(CDC.cpp.o)
                0x000060d8                Serial_::getDescriptor(arduino::USBSetup&)
 .text._ZL5utox8mPc
                0x000060dc       0x24 C:\Users\Suraj\AppData\Local\Temp\arduino\sketches\FDC9FEE58E9B3DD09A6C1DB9684E992E/..\..\cores\arduino_samd_arduino_zero_edbg_26de0d3990a796a533e3a60fba950730\core.a(CDC.cpp.o)
 .text._ZN7Serial_12getShortNameEPc
                0x00006100       0x44 C:\Users\Suraj\AppData\Local\Temp\arduino\sketches\FDC9FEE58E9B3DD09A6C1DB9684E992E/..\..\cores\arduino_samd_arduino_zero_edbg_26de0d3990a796a533e3a60fba950730\core.a(CDC.cpp.o)
                0x00006100                Serial_::getShortName(char*)
 .text._ZThn16_N7Serial_12getShortNameEPc
                0x00006144       0x10 C:\Users\Suraj\AppData\Local\Temp\arduino\sketches\FDC9FEE58E9B3DD09A6C1DB9684E992E/..\..\cores\arduino_samd_arduino_zero_edbg_26de0d3990a796a533e3a60fba950730\core.a(CDC.cpp.o)
                0x00006144                non-virtual thunk to Serial_::getShortName(char*)
 .text._ZN7Serial_5beginEm
                0x00006154        0x2 C:\Users\Suraj\AppData\Local\Temp\arduino\sketches\FDC9FEE58E9B3DD09A6C1DB9684E992E/..\..\cores\arduino_samd_arduino_zero_edbg_26de0d3990a796a533e3a60fba950730\core.a(CDC.cpp.o)
                0x00006154                Serial_::begin(unsigned long)
 .text._ZN7Serial_5beginEmt
                0x00006156        0x2 C:\Users\Suraj\AppData\Local\Temp\arduino\sketches\FDC9FEE58E9B3DD09A6C1DB9684E992E/..\..\cores\arduino_samd_arduino_zero_edbg_26de0d3990a796a533e3a60fba950730\core.a(CDC.cpp.o)
                0x00006156                Serial_::begin(unsigned long, unsigned short)
 .text._ZN7Serial_17availableForWriteEv
                0x00006158        0x4 C:\Users\Suraj\AppData\Local\Temp\arduino\sketches\FDC9FEE58E9B3DD09A6C1DB9684E992E/..\..\cores\arduino_samd_arduino_zero_edbg_26de0d3990a796a533e3a60fba950730\core.a(CDC.cpp.o)
                0x00006158                Serial_::availableForWrite()
 .text._ZN7Serial_5writeEh
                0x0000615c       0x14 C:\Users\Suraj\AppData\Local\Temp\arduino\sketches\FDC9FEE58E9B3DD09A6C1DB9684E992E/..\..\cores\arduino_samd_arduino_zero_edbg_26de0d3990a796a533e3a60fba950730\core.a(CDC.cpp.o)
                0x0000615c                Serial_::write(unsigned char)
 .text._ZN7Serial_12getInterfaceEPh
                0x00006170      0x11c C:\Users\Suraj\AppData\Local\Temp\arduino\sketches\FDC9FEE58E9B3DD09A6C1DB9684E992E/..\..\cores\arduino_samd_arduino_zero_edbg_26de0d3990a796a533e3a60fba950730\core.a(CDC.cpp.o)
                0x00006170                Serial_::getInterface(unsigned char*)
 .text._ZThn16_N7Serial_12getInterfaceEPh
                0x0000628c       0x10 C:\Users\Suraj\AppData\Local\Temp\arduino\sketches\FDC9FEE58E9B3DD09A6C1DB9684E992E/..\..\cores\arduino_samd_arduino_zero_edbg_26de0d3990a796a533e3a60fba950730\core.a(CDC.cpp.o)
                0x0000628c                non-virtual thunk to Serial_::getInterface(unsigned char*)
 .text._ZN7Serial_5setupERN7arduino8USBSetupE
                0x0000629c       0x9c C:\Users\Suraj\AppData\Local\Temp\arduino\sketches\FDC9FEE58E9B3DD09A6C1DB9684E992E/..\..\cores\arduino_samd_arduino_zero_edbg_26de0d3990a796a533e3a60fba950730\core.a(CDC.cpp.o)
                0x0000629c                Serial_::setup(arduino::USBSetup&)
 .text._ZThn16_N7Serial_5setupERN7arduino8USBSetupE
                0x00006338       0x10 C:\Users\Suraj\AppData\Local\Temp\arduino\sketches\FDC9FEE58E9B3DD09A6C1DB9684E992E/..\..\cores\arduino_samd_arduino_zero_edbg_26de0d3990a796a533e3a60fba950730\core.a(CDC.cpp.o)
                0x00006338                non-virtual thunk to Serial_::setup(arduino::USBSetup&)
 .text._ZN7Serial_3endEv
                0x00006348        0xe C:\Users\Suraj\AppData\Local\Temp\arduino\sketches\FDC9FEE58E9B3DD09A6C1DB9684E992E/..\..\cores\arduino_samd_arduino_zero_edbg_26de0d3990a796a533e3a60fba950730\core.a(CDC.cpp.o)
                0x00006348                Serial_::end()
 *fill*         0x00006356        0x2 
 .text._ZN7Serial_9availableEv
                0x00006358       0x20 C:\Users\Suraj\AppData\Local\Temp\arduino\sketches\FDC9FEE58E9B3DD09A6C1DB9684E992E/..\..\cores\arduino_samd_arduino_zero_edbg_26de0d3990a796a533e3a60fba950730\core.a(CDC.cpp.o)
                0x00006358                Serial_::available()
 .text._ZN7Serial_5flushEv
                0x00006378        0xe C:\Users\Suraj\AppData\Local\Temp\arduino\sketches\FDC9FEE58E9B3DD09A6C1DB9684E992E/..\..\cores\arduino_samd_arduino_zero_edbg_26de0d3990a796a533e3a60fba950730\core.a(CDC.cpp.o)
                0x00006378                Serial_::flush()
 .text._ZN7Serial_5clearEv
                0x00006386        0xe C:\Users\Suraj\AppData\Local\Temp\arduino\sketches\FDC9FEE58E9B3DD09A6C1DB9684E992E/..\..\cores\arduino_samd_arduino_zero_edbg_26de0d3990a796a533e3a60fba950730\core.a(CDC.cpp.o)
                0x00006386                Serial_::clear()
 .text._ZN7Serial_5writeEPKhj
                0x00006394       0x1e C:\Users\Suraj\AppData\Local\Temp\arduino\sketches\FDC9FEE58E9B3DD09A6C1DB9684E992E/..\..\cores\arduino_samd_arduino_zero_edbg_26de0d3990a796a533e3a60fba950730\core.a(CDC.cpp.o)
                0x00006394                Serial_::write(unsigned char const*, unsigned int)
 *fill*         0x000063b2        0x2 
 .text._ZN7Serial_4peekEv
                0x000063b4       0x1c C:\Users\Suraj\AppData\Local\Temp\arduino\sketches\FDC9FEE58E9B3DD09A6C1DB9684E992E/..\..\cores\arduino_samd_arduino_zero_edbg_26de0d3990a796a533e3a60fba950730\core.a(CDC.cpp.o)
                0x000063b4                Serial_::peek()
 .text._ZN7Serial_4readEv
                0x000063d0       0x24 C:\Users\Suraj\AppData\Local\Temp\arduino\sketches\FDC9FEE58E9B3DD09A6C1DB9684E992E/..\..\cores\arduino_samd_arduino_zero_edbg_26de0d3990a796a533e3a60fba950730\core.a(CDC.cpp.o)
                0x000063d0                Serial_::read()
 .text._ZN7Serial_cvbEv
                0x000063f4       0x26 C:\Users\Suraj\AppData\Local\Temp\arduino\sketches\FDC9FEE58E9B3DD09A6C1DB9684E992E/..\..\cores\arduino_samd_arduino_zero_edbg_26de0d3990a796a533e3a60fba950730\core.a(CDC.cpp.o)
                0x000063f4                Serial_::operator bool()
 .text._ZThn16_N7Serial_13getDescriptorERN7arduino8USBSetupE
                0x0000641a        0x4 C:\Users\Suraj\AppData\Local\Temp\arduino\sketches\FDC9FEE58E9B3DD09A6C1DB9684E992E/..\..\cores\arduino_samd_arduino_zero_edbg_26de0d3990a796a533e3a60fba950730\core.a(CDC.cpp.o)
                0x0000641a                non-virtual thunk to Serial_::getDescriptor(arduino::USBSetup&)
 .text._ZN7Serial_14handleEndpointEi
                0x0000641e        0x2 C:\Users\Suraj\AppData\Local\Temp\arduino\sketches\FDC9FEE58E9B3DD09A6C1DB9684E992E/..\..\cores\arduino_samd_arduino_zero_edbg_26de0d3990a796a533e3a60fba950730\core.a(CDC.cpp.o)
                0x0000641e                Serial_::handleEndpoint(int)
 .text._ZN7Serial_C2ER14USBDeviceClass
                0x00006420       0x5c C:\Users\Suraj\AppData\Local\Temp\arduino\sketches\FDC9FEE58E9B3DD09A6C1DB9684E992E/..\..\cores\arduino_samd_arduino_zero_edbg_26de0d3990a796a533e3a60fba950730\core.a(CDC.cpp.o)
                0x00006420                Serial_::Serial_(USBDeviceClass&)
                0x00006420                Serial_::Serial_(USBDeviceClass&)
 .text._ZN7Serial_15enableInterruptEv
                0x0000647c       0x30 C:\Users\Suraj\AppData\Local\Temp\arduino\sketches\FDC9FEE58E9B3DD09A6C1DB9684E992E/..\..\cores\arduino_samd_arduino_zero_edbg_26de0d3990a796a533e3a60fba950730\core.a(CDC.cpp.o)
                0x0000647c                Serial_::enableInterrupt()
 .text.startup._GLOBAL__sub_I__ZN7Serial_12getInterfaceEPh
                0x000064ac       0x14 C:\Users\Suraj\AppData\Local\Temp\arduino\sketches\FDC9FEE58E9B3DD09A6C1DB9684E992E/..\..\cores\arduino_samd_arduino_zero_edbg_26de0d3990a796a533e3a60fba950730\core.a(CDC.cpp.o)
 .text.__aeabi_atexit
                0x000064c0        0xe c:/users/suraj/appdata/local/arduino15/internal/arduino_arm-none-eabi-gcc_7-2017q4_7b7be9f526b2cb64/bin/../lib/gcc/arm-none-eabi/7.2.1/../../../../arm-none-eabi/lib/thumb/v6-m\libstdc++_nano.a(atexit_arm.o)
                0x000064c0                __aeabi_atexit
 *fill*         0x000064ce        0x2 
 .text.atan2f   0x000064d0        0x8 c:/users/suraj/appdata/local/arduino15/internal/arduino_arm-none-eabi-gcc_7-2017q4_7b7be9f526b2cb64/bin/../lib/gcc/arm-none-eabi/7.2.1/../../../../arm-none-eabi/lib/thumb/v6-m\libm.a(lib_a-wf_atan2.o)
                0x000064d0                atan2f
 .text.sqrtf    0x000064d8       0xa4 c:/users/suraj/appdata/local/arduino15/internal/arduino_arm-none-eabi-gcc_7-2017q4_7b7be9f526b2cb64/bin/../lib/gcc/arm-none-eabi/7.2.1/../../../../arm-none-eabi/lib/thumb/v6-m\libm.a(lib_a-wf_sqrt.o)
                0x000064d8                sqrtf
 .text.__ieee754_atan2f
                0x0000657c      0x128 c:/users/suraj/appdata/local/arduino15/internal/arduino_arm-none-eabi-gcc_7-2017q4_7b7be9f526b2cb64/bin/../lib/gcc/arm-none-eabi/7.2.1/../../../../arm-none-eabi/lib/thumb/v6-m\libm.a(lib_a-ef_atan2.o)
                0x0000657c                __ieee754_atan2f
 .text.__ieee754_sqrtf
                0x000066a4       0xb4 c:/users/suraj/appdata/local/arduino15/internal/arduino_arm-none-eabi-gcc_7-2017q4_7b7be9f526b2cb64/bin/../lib/gcc/arm-none-eabi/7.2.1/../../../../arm-none-eabi/lib/thumb/v6-m\libm.a(lib_a-ef_sqrt.o)
                0x000066a4                __ieee754_sqrtf
 .text.matherr  0x00006758        0x4 c:/users/suraj/appdata/local/arduino15/internal/arduino_arm-none-eabi-gcc_7-2017q4_7b7be9f526b2cb64/bin/../lib/gcc/arm-none-eabi/7.2.1/../../../../arm-none-eabi/lib/thumb/v6-m\libm.a(lib_a-s_matherr.o)
                0x00006758                matherr
 .text.atanf    0x0000675c      0x228 c:/users/suraj/appdata/local/arduino15/internal/arduino_arm-none-eabi-gcc_7-2017q4_7b7be9f526b2cb64/bin/../lib/gcc/arm-none-eabi/7.2.1/../../../../arm-none-eabi/lib/thumb/v6-m\libm.a(lib_a-sf_atan.o)
                0x0000675c                atanf
 .text.fabsf    0x00006984        0x8 c:/users/suraj/appdata/local/arduino15/internal/arduino_arm-none-eabi-gcc_7-2017q4_7b7be9f526b2cb64/bin/../lib/gcc/arm-none-eabi/7.2.1/../../../../arm-none-eabi/lib/thumb/v6-m\libm.a(lib_a-sf_fabs.o)
                0x00006984                fabsf
 .text          0x0000698c       0x14 c:/users/suraj/appdata/local/arduino15/internal/arduino_arm-none-eabi-gcc_7-2017q4_7b7be9f526b2cb64/bin/../lib/gcc/arm-none-eabi/7.2.1/thumb/v6-m\libgcc.a(_thumb1_case_uqi.o)
                0x0000698c                __gnu_thumb1_case_uqi
 .text          0x000069a0      0x114 c:/users/suraj/appdata/local/arduino15/internal/arduino_arm-none-eabi-gcc_7-2017q4_7b7be9f526b2cb64/bin/../lib/gcc/arm-none-eabi/7.2.1/thumb/v6-m\libgcc.a(_udivsi3.o)
                0x000069a0                __aeabi_uidiv
                0x000069a0                __udivsi3
                0x00006aac                __aeabi_uidivmod
 .text          0x00006ab4        0x4 c:/users/suraj/appdata/local/arduino15/internal/arduino_arm-none-eabi-gcc_7-2017q4_7b7be9f526b2cb64/bin/../lib/gcc/arm-none-eabi/7.2.1/thumb/v6-m\libgcc.a(_dvmd_tls.o)
                0x00006ab4                __aeabi_idiv0
                0x00006ab4                __aeabi_ldiv0
 .text          0x00006ab8       0x74 c:/users/suraj/appdata/local/arduino15/internal/arduino_arm-none-eabi-gcc_7-2017q4_7b7be9f526b2cb64/bin/../lib/gcc/arm-none-eabi/7.2.1/thumb/v6-m\libgcc.a(_arm_cmpsf2.o)
                0x00006ab8                __aeabi_cfrcmple
                0x00006ac0                __aeabi_cfcmpeq
                0x00006ac0                __aeabi_cfcmple
                0x00006ad0                __aeabi_fcmpeq
                0x00006adc                __aeabi_fcmplt
                0x00006af0                __aeabi_fcmple
                0x00006b04                __aeabi_fcmpgt
                0x00006b18                __aeabi_fcmpge
 .text          0x00006b2c      0x334 c:/users/suraj/appdata/local/arduino15/internal/arduino_arm-none-eabi-gcc_7-2017q4_7b7be9f526b2cb64/bin/../lib/gcc/arm-none-eabi/7.2.1/thumb/v6-m\libgcc.a(addsf3.o)
                0x00006b2c                __aeabi_fadd
 .text          0x00006e60      0x224 c:/users/suraj/appdata/local/arduino15/internal/arduino_arm-none-eabi-gcc_7-2017q4_7b7be9f526b2cb64/bin/../lib/gcc/arm-none-eabi/7.2.1/thumb/v6-m\libgcc.a(divsf3.o)
                0x00006e60                __aeabi_fdiv
 .text          0x00007084       0x50 c:/users/suraj/appdata/local/arduino15/internal/arduino_arm-none-eabi-gcc_7-2017q4_7b7be9f526b2cb64/bin/../lib/gcc/arm-none-eabi/7.2.1/thumb/v6-m\libgcc.a(eqsf2.o)
                0x00007084                __eqsf2
                0x00007084                __nesf2
 .text          0x000070d4       0x9c c:/users/suraj/appdata/local/arduino15/internal/arduino_arm-none-eabi-gcc_7-2017q4_7b7be9f526b2cb64/bin/../lib/gcc/arm-none-eabi/7.2.1/thumb/v6-m\libgcc.a(gesf2.o)
                0x000070d4                __gesf2
                0x000070d4                __gtsf2
 .text          0x00007170       0xa0 c:/users/suraj/appdata/local/arduino15/internal/arduino_arm-none-eabi-gcc_7-2017q4_7b7be9f526b2cb64/bin/../lib/gcc/arm-none-eabi/7.2.1/thumb/v6-m\libgcc.a(lesf2.o)
                0x00007170                __ltsf2
                0x00007170                __lesf2
 .text          0x00007210      0x264 c:/users/suraj/appdata/local/arduino15/internal/arduino_arm-none-eabi-gcc_7-2017q4_7b7be9f526b2cb64/bin/../lib/gcc/arm-none-eabi/7.2.1/thumb/v6-m\libgcc.a(mulsf3.o)
                0x00007210                __aeabi_fmul
 .text          0x00007474      0x388 c:/users/suraj/appdata/local/arduino15/internal/arduino_arm-none-eabi-gcc_7-2017q4_7b7be9f526b2cb64/bin/../lib/gcc/arm-none-eabi/7.2.1/thumb/v6-m\libgcc.a(subsf3.o)
                0x00007474                __aeabi_fsub
 .text          0x000077fc       0x2c c:/users/suraj/appdata/local/arduino15/internal/arduino_arm-none-eabi-gcc_7-2017q4_7b7be9f526b2cb64/bin/../lib/gcc/arm-none-eabi/7.2.1/thumb/v6-m\libgcc.a(unordsf2.o)
                0x000077fc                __aeabi_fcmpun
 .text          0x00007828       0x40 c:/users/suraj/appdata/local/arduino15/internal/arduino_arm-none-eabi-gcc_7-2017q4_7b7be9f526b2cb64/bin/../lib/gcc/arm-none-eabi/7.2.1/thumb/v6-m\libgcc.a(fixsfsi.o)
                0x00007828                __aeabi_f2iz
 .text          0x00007868       0x94 c:/users/suraj/appdata/local/arduino15/internal/arduino_arm-none-eabi-gcc_7-2017q4_7b7be9f526b2cb64/bin/../lib/gcc/arm-none-eabi/7.2.1/thumb/v6-m\libgcc.a(floatsisf.o)
                0x00007868                __aeabi_i2f
 .text          0x000078fc      0x638 c:/users/suraj/appdata/local/arduino15/internal/arduino_arm-none-eabi-gcc_7-2017q4_7b7be9f526b2cb64/bin/../lib/gcc/arm-none-eabi/7.2.1/thumb/v6-m\libgcc.a(adddf3.o)
                0x000078fc                __aeabi_dadd
 .text          0x00007f34      0x604 c:/users/suraj/appdata/local/arduino15/internal/arduino_arm-none-eabi-gcc_7-2017q4_7b7be9f526b2cb64/bin/../lib/gcc/arm-none-eabi/7.2.1/thumb/v6-m\libgcc.a(divdf3.o)
                0x00007f34                __aeabi_ddiv
 .text          0x00008538      0x4e4 c:/users/suraj/appdata/local/arduino15/internal/arduino_arm-none-eabi-gcc_7-2017q4_7b7be9f526b2cb64/bin/../lib/gcc/arm-none-eabi/7.2.1/thumb/v6-m\libgcc.a(muldf3.o)
                0x00008538                __aeabi_dmul
 .text          0x00008a1c      0x690 c:/users/suraj/appdata/local/arduino15/internal/arduino_arm-none-eabi-gcc_7-2017q4_7b7be9f526b2cb64/bin/../lib/gcc/arm-none-eabi/7.2.1/thumb/v6-m\libgcc.a(subdf3.o)
                0x00008a1c                __aeabi_dsub
 .text          0x000090ac       0x6c c:/users/suraj/appdata/local/arduino15/internal/arduino_arm-none-eabi-gcc_7-2017q4_7b7be9f526b2cb64/bin/../lib/gcc/arm-none-eabi/7.2.1/thumb/v6-m\libgcc.a(fixdfsi.o)
                0x000090ac                __aeabi_d2iz
 .text          0x00009118       0x74 c:/users/suraj/appdata/local/arduino15/internal/arduino_arm-none-eabi-gcc_7-2017q4_7b7be9f526b2cb64/bin/../lib/gcc/arm-none-eabi/7.2.1/thumb/v6-m\libgcc.a(floatsidf.o)
                0x00009118                __aeabi_i2d
 .text          0x0000918c       0x64 c:/users/suraj/appdata/local/arduino15/internal/arduino_arm-none-eabi-gcc_7-2017q4_7b7be9f526b2cb64/bin/../lib/gcc/arm-none-eabi/7.2.1/thumb/v6-m\libgcc.a(floatunsidf.o)
                0x0000918c                __aeabi_ui2d
 .text          0x000091f0       0xa4 c:/users/suraj/appdata/local/arduino15/internal/arduino_arm-none-eabi-gcc_7-2017q4_7b7be9f526b2cb64/bin/../lib/gcc/arm-none-eabi/7.2.1/thumb/v6-m\libgcc.a(extendsfdf2.o)
                0x000091f0                __aeabi_f2d
 .text          0x00009294      0x108 c:/users/suraj/appdata/local/arduino15/internal/arduino_arm-none-eabi-gcc_7-2017q4_7b7be9f526b2cb64/bin/../lib/gcc/arm-none-eabi/7.2.1/thumb/v6-m\libgcc.a(truncdfsf2.o)
                0x00009294                __aeabi_d2f
 .text          0x0000939c       0x3c c:/users/suraj/appdata/local/arduino15/internal/arduino_arm-none-eabi-gcc_7-2017q4_7b7be9f526b2cb64/bin/../lib/gcc/arm-none-eabi/7.2.1/thumb/v6-m\libgcc.a(_clzsi2.o)
                0x0000939c                __clzsi2
 .text.__cxa_atexit
                0x000093d8       0x1c c:/users/suraj/appdata/local/arduino15/internal/arduino_arm-none-eabi-gcc_7-2017q4_7b7be9f526b2cb64/bin/../lib/gcc/arm-none-eabi/7.2.1/../../../../arm-none-eabi/lib/thumb/v6-m\libc_nano.a(lib_a-cxa_atexit.o)
                0x000093d8                __cxa_atexit
 .text.__errno  0x000093f4        0xc c:/users/suraj/appdata/local/arduino15/internal/arduino_arm-none-eabi-gcc_7-2017q4_7b7be9f526b2cb64/bin/../lib/gcc/arm-none-eabi/7.2.1/../../../../arm-none-eabi/lib/thumb/v6-m\libc_nano.a(lib_a-errno.o)
                0x000093f4                __errno
 .text.__libc_init_array
                0x00009400       0x48 c:/users/suraj/appdata/local/arduino15/internal/arduino_arm-none-eabi-gcc_7-2017q4_7b7be9f526b2cb64/bin/../lib/gcc/arm-none-eabi/7.2.1/../../../../arm-none-eabi/lib/thumb/v6-m\libc_nano.a(lib_a-init.o)
                0x00009400                __libc_init_array
 .text.malloc   0x00009448       0x14 c:/users/suraj/appdata/local/arduino15/internal/arduino_arm-none-eabi-gcc_7-2017q4_7b7be9f526b2cb64/bin/../lib/gcc/arm-none-eabi/7.2.1/../../../../arm-none-eabi/lib/thumb/v6-m\libc_nano.a(lib_a-malloc.o)
                0x00009448                malloc
 .text.free     0x0000945c       0x14 c:/users/suraj/appdata/local/arduino15/internal/arduino_arm-none-eabi-gcc_7-2017q4_7b7be9f526b2cb64/bin/../lib/gcc/arm-none-eabi/7.2.1/../../../../arm-none-eabi/lib/thumb/v6-m\libc_nano.a(lib_a-malloc.o)
                0x0000945c                free
 .text.memcpy   0x00009470       0x12 c:/users/suraj/appdata/local/arduino15/internal/arduino_arm-none-eabi-gcc_7-2017q4_7b7be9f526b2cb64/bin/../lib/gcc/arm-none-eabi/7.2.1/../../../../arm-none-eabi/lib/thumb/v6-m\libc_nano.a(lib_a-memcpy-stub.o)
                0x00009470                memcpy